[    0.000000] Linux version 4.16.0-thor_kernel-05456-g17dec0a94915-dirty (root@ataguiro) (gcc version 7.3.0 (GCC)) #1 SMP Thu Apr 5 10:59:24 CEST 2018
[    0.000000] Command line: BOOT_IMAGE=/vmlinuz-4.16.0-thor root=/dev/sda1 ro
[    0.000000] x86/fpu: Supporting XSAVE feature 0x001: 'x87 floating point registers'
[    0.000000] x86/fpu: Supporting XSAVE feature 0x002: 'SSE registers'
[    0.000000] x86/fpu: Supporting XSAVE feature 0x004: 'AVX registers'
[    0.000000] x86/fpu: xstate_offset[2]:  576, xstate_sizes[2]:  256
[    0.000000] x86/fpu: Enabled xstate features 0x7, context size is 832 bytes, using 'standard' format.
[    0.000000] e820: BIOS-provided physical RAM map:
[    0.000000] BIOS-e820: [mem 0x0000000000000000-0x000000000009fbff] usable
[    0.000000] BIOS-e820: [mem 0x000000000009fc00-0x000000000009ffff] reserved
[    0.000000] BIOS-e820: [mem 0x00000000000f0000-0x00000000000fffff] reserved
[    0.000000] BIOS-e820: [mem 0x0000000000100000-0x000000007ffeffff] usable
[    0.000000] BIOS-e820: [mem 0x000000007fff0000-0x000000007fffffff] ACPI data
[    0.000000] BIOS-e820: [mem 0x00000000fec00000-0x00000000fec00fff] reserved
[    0.000000] BIOS-e820: [mem 0x00000000fee00000-0x00000000fee00fff] reserved
[    0.000000] BIOS-e820: [mem 0x00000000fffc0000-0x00000000ffffffff] reserved
[    0.000000] NX (Execute Disable) protection: active
[    0.000000] random: fast init done
[    0.000000] SMBIOS 2.5 present.
[    0.000000] DMI: innotek GmbH VirtualBox/VirtualBox, BIOS VirtualBox 12/01/2006
[    0.000000] e820: update [mem 0x00000000-0x00000fff] usable ==> reserved
[    0.000000] e820: remove [mem 0x000a0000-0x000fffff] usable
[    0.000000] e820: last_pfn = 0x7fff0 max_arch_pfn = 0x400000000
[    0.000000] MTRR default type: uncachable
[    0.000000] MTRR variable ranges disabled:
[    0.000000] MTRR: Disabled
[    0.000000] x86/PAT: MTRRs disabled, skipping PAT initialization too.
[    0.000000] CPU MTRRs all blank - virtualized system.
[    0.000000] x86/PAT: Configuration [0-7]: WB  WT  UC- UC  WB  WT  UC- UC  
[    0.000000] found SMP MP-table at [mem 0x0009fff0-0x0009ffff] mapped at [        (ptrval)]
[    0.000000] Scanning 1 areas for low memory corruption
[    0.000000] Base memory trampoline at [        (ptrval)] 99000 size 24576
[    0.000000] BRK [0x18517000, 0x18517fff] PGTABLE
[    0.000000] BRK [0x18518000, 0x18518fff] PGTABLE
[    0.000000] BRK [0x18519000, 0x18519fff] PGTABLE
[    0.000000] BRK [0x1851a000, 0x1851afff] PGTABLE
[    0.000000] BRK [0x1851b000, 0x1851bfff] PGTABLE
[    0.000000] BRK [0x1851c000, 0x1851cfff] PGTABLE
[    0.000000] ACPI: Early table checksum verification disabled
[    0.000000] ACPI: RSDP 0x00000000000E0000 000024 (v02 VBOX  )
[    0.000000] ACPI: XSDT 0x000000007FFF0030 00003C (v01 VBOX   VBOXXSDT 00000001 ASL  00000061)
[    0.000000] ACPI: FACP 0x000000007FFF00F0 0000F4 (v04 VBOX   VBOXFACP 00000001 ASL  00000061)
[    0.000000] ACPI: DSDT 0x000000007FFF0470 0021FF (v02 VBOX   VBOXBIOS 00000002 INTL 20100528)
[    0.000000] ACPI: FACS 0x000000007FFF0200 000040
[    0.000000] ACPI: FACS 0x000000007FFF0200 000040
[    0.000000] ACPI: APIC 0x000000007FFF0240 000054 (v02 VBOX   VBOXAPIC 00000001 ASL  00000061)
[    0.000000] ACPI: SSDT 0x000000007FFF02A0 0001CC (v01 VBOX   VBOXCPUT 00000002 INTL 20100528)
[    0.000000] ACPI: Local APIC address 0xfee00000
[    0.000000] No NUMA configuration found
[    0.000000] Faking a node at [mem 0x0000000000000000-0x000000007ffeffff]
[    0.000000] NODE_DATA(0) allocated [mem 0x7ffec000-0x7ffeffff]
[    0.000000] tsc: Fast TSC calibration using PIT
[    0.000000] Zone ranges:
[    0.000000]   DMA      [mem 0x0000000000001000-0x0000000000ffffff]
[    0.000000]   DMA32    [mem 0x0000000001000000-0x000000007ffeffff]
[    0.000000]   Normal   empty
[    0.000000] Movable zone start for each node
[    0.000000] Early memory node ranges
[    0.000000]   node   0: [mem 0x0000000000001000-0x000000000009efff]
[    0.000000]   node   0: [mem 0x0000000000100000-0x000000007ffeffff]
[    0.000000] Initmem setup node 0 [mem 0x0000000000001000-0x000000007ffeffff]
[    0.000000] On node 0 totalpages: 524174
[    0.000000]   DMA zone: 64 pages used for memmap
[    0.000000]   DMA zone: 21 pages reserved
[    0.000000]   DMA zone: 3998 pages, LIFO batch:0
[    0.000000]   DMA32 zone: 8128 pages used for memmap
[    0.000000]   DMA32 zone: 520176 pages, LIFO batch:31
[    0.000000] Reserved but unavailable: 98 pages
[    0.000000] ACPI: PM-Timer IO Port: 0x4008
[    0.000000] ACPI: Local APIC address 0xfee00000
[    0.000000] IOAPIC[0]: apic_id 1, version 32, address 0xfec00000, GSI 0-23
[    0.000000] ACPI: INT_SRC_OVR (bus 0 bus_irq 0 global_irq 2 dfl dfl)
[    0.000000] ACPI: INT_SRC_OVR (bus 0 bus_irq 9 global_irq 9 low level)
[    0.000000] ACPI: IRQ0 used by override.
[    0.000000] ACPI: IRQ9 used by override.
[    0.000000] Using ACPI (MADT) for SMP configuration information
[    0.000000] smpboot: Allowing 1 CPUs, 0 hotplug CPUs
[    0.000000] PM: Registered nosave memory: [mem 0x00000000-0x00000fff]
[    0.000000] PM: Registered nosave memory: [mem 0x0009f000-0x0009ffff]
[    0.000000] PM: Registered nosave memory: [mem 0x000a0000-0x000effff]
[    0.000000] PM: Registered nosave memory: [mem 0x000f0000-0x000fffff]
[    0.000000] e820: [mem 0x80000000-0xfebfffff] available for PCI devices
[    0.000000] clocksource: refined-jiffies: mask: 0xffffffff max_cycles: 0xffffffff, max_idle_ns: 1910969940391419 ns
[    0.000000] setup_percpu: NR_CPUS:64 nr_cpumask_bits:64 nr_cpu_ids:1 nr_node_ids:1
[    0.000000] percpu: Embedded 43 pages/cpu @        (ptrval) s137560 r8192 d30376 u2097152
[    0.000000] pcpu-alloc: s137560 r8192 d30376 u2097152 alloc=1*2097152
[    0.000000] pcpu-alloc: [0] 0 
[    0.000000] Built 1 zonelists, mobility grouping on.  Total pages: 515961
[    0.000000] Policy zone: DMA32
[    0.000000] Kernel command line: BOOT_IMAGE=/vmlinuz-4.16.0-thor root=/dev/sda1 ro
[    0.000000] Calgary: detecting Calgary via BIOS EBDA area
[    0.000000] Calgary: Unable to locate Rio Grande table in EBDA - bailing!
[    0.000000] Memory: 2037860K/2096696K available (12300K kernel code, 1280K rwdata, 3080K rodata, 1220K init, 612K bss, 58836K reserved, 0K cma-reserved)
[    0.000000] SLUB: HWalign=64, Order=0-3, MinObjects=0, CPUs=1, Nodes=1
[    0.000000] Kernel/User page tables isolation: enabled
[    0.000000] Hierarchical RCU implementation.
[    0.000000] 	RCU event tracing is enabled.
[    0.000000] 	RCU restricting CPUs from NR_CPUS=64 to nr_cpu_ids=1.
[    0.000000] RCU: Adjusting geometry for rcu_fanout_leaf=16, nr_cpu_ids=1
[    0.000000] NR_IRQS: 4352, nr_irqs: 256, preallocated irqs: 16
[    0.000000] Console: colour VGA+ 80x25
[    0.000000] console [tty0] enabled
[    0.000000] ACPI: Core revision 20180313
[    0.000000] APIC: Switch to symmetric I/O mode setup
[    0.000000] ..TIMER: vector=0x30 apic1=0 pin1=2 apic2=-1 pin2=-1
[    0.006000] tsc: Fast TSC calibration failed
[    0.010000] tsc: Unable to calibrate against PIT
[    0.011000] tsc: using PMTIMER reference calibration
[    0.011000] tsc: Detected 2893.324 MHz processor
[    0.011000] clocksource: tsc-early: mask: 0xffffffffffffffff max_cycles: 0x29b4a0643c5, max_idle_ns: 440795288308 ns
[    0.012000] Calibrating delay loop (skipped), value calculated using timer frequency.. 5786.64 BogoMIPS (lpj=2893324)
[    0.012359] pid_max: default: 32768 minimum: 301
[    0.012719] Security Framework initialized
[    0.013002] SELinux:  Initializing.
[    0.013323] SELinux:  Starting in permissive mode
[    0.015276] Dentry cache hash table entries: 262144 (order: 9, 2097152 bytes)
[    0.016090] Inode-cache hash table entries: 131072 (order: 8, 1048576 bytes)
[    0.016495] Mount-cache hash table entries: 4096 (order: 3, 32768 bytes)
[    0.017000] Mountpoint-cache hash table entries: 4096 (order: 3, 32768 bytes)
[    0.017466] CPU: Physical Processor ID: 0
[    0.017811] mce: CPU supports 0 MCE banks
[    0.018013] process: using mwait in idle threads
[    0.018355] Last level iTLB entries: 4KB 512, 2MB 8, 4MB 8
[    0.019001] Last level dTLB entries: 4KB 512, 2MB 32, 4MB 32, 1GB 0
[    0.019443] Spectre V2 : Mitigation: Full generic retpoline
[    0.032329] Freeing SMP alternatives memory: 36K
[    0.033000] smpboot: CPU0: Intel(R) Core(TM) i5-3470S CPU @ 2.90GHz (family: 0x6, model: 0x3a, stepping: 0x9)
[    0.033000] Performance Events: unsupported p6 CPU model 58 no PMU driver, software events only.
[    0.033397] Hierarchical SRCU implementation.
[    0.036013] smp: Bringing up secondary CPUs ...
[    0.036363] smp: Brought up 1 node, 1 CPU
[    0.036687] smpboot: Max logical packages: 1
[    0.037002] smpboot: Total of 1 processors activated (5786.64 BogoMIPS)
[    0.037586] devtmpfs: initialized
[    0.038000] clocksource: jiffies: mask: 0xffffffff max_cycles: 0xffffffff, max_idle_ns: 1911260446275000 ns
[    0.038006] futex hash table entries: 256 (order: 2, 16384 bytes)
[    0.038448] RTC time: 12:30:04, date: 04/05/18
[    0.039087] NET: Registered protocol family 16
[    0.039482] audit: initializing netlink subsys (disabled)
[    0.039892] kworker/u2:0 (17) used greatest stack depth: 14728 bytes left
[    0.040093] cpuidle: using governor menu
[    0.041092] audit: type=2000 audit(1522931404.040:1): state=initialized audit_enabled=0 res=1
[    0.041726] kworker/u2:1 (24) used greatest stack depth: 14328 bytes left
[    0.043069] ACPI: bus type PCI registered
[    0.043554] PCI: Using configuration type 1 for base access
[    0.056482] HugeTLB registered 2.00 MiB page size, pre-allocated 0 pages
[    0.057000] ACPI: Added _OSI(Module Device)
[    0.057020] ACPI: Added _OSI(Processor Device)
[    0.057360] ACPI: Added _OSI(3.0 _SCP Extensions)
[    0.057630] ACPI: Added _OSI(Processor Aggregator Device)
[    0.058115] ACPI: Added _OSI(Linux-Dell-Video)
[    0.059664] ACPI: 2 ACPI AML tables successfully acquired and loaded
[    0.061580] ACPI: Interpreter enabled
[    0.061942] ACPI: (supports S0 S5)
[    0.062012] ACPI: Using IOAPIC for interrupt routing
[    0.062622] PCI: Using host bridge windows from ACPI; if necessary, use "pci=nocrs" and report a bug
[    0.063124] ACPI: Enabled 2 GPEs in block 00 to 07
[    0.068386] ACPI: PCI Root Bridge [PCI0] (domain 0000 [bus 00-ff])
[    0.068791] acpi PNP0A03:00: _OSC: OS supports [ASPM ClockPM Segments MSI]
[    0.069000] acpi PNP0A03:00: _OSC: not requesting OS control; OS requires [ExtendedConfig ASPM ClockPM MSI]
[    0.069520] acpi PNP0A03:00: fail to add MMCONFIG information, can't access extended PCI configuration space under this bridge.
[    0.071149] PCI host bridge to bus 0000:00
[    0.071486] pci_bus 0000:00: root bus resource [io  0x0000-0x0cf7 window]
[    0.071881] pci_bus 0000:00: root bus resource [io  0x0d00-0xffff window]
[    0.072000] pci_bus 0000:00: root bus resource [mem 0x000a0000-0x000bffff window]
[    0.072354] pci_bus 0000:00: root bus resource [mem 0x80000000-0xfdffffff window]
[    0.073013] pci_bus 0000:00: root bus resource [bus 00-ff]
[    0.073426] pci 0000:00:00.0: [8086:1237] type 00 class 0x060000
[    0.074163] pci 0000:00:01.0: [8086:7000] type 00 class 0x060100
[    0.075046] pci 0000:00:01.1: [8086:7111] type 00 class 0x01018a
[    0.075597] pci 0000:00:01.1: reg 0x20: [io  0xd000-0xd00f]
[    0.075820] pci 0000:00:01.1: legacy IDE quirk: reg 0x10: [io  0x01f0-0x01f7]
[    0.076000] pci 0000:00:01.1: legacy IDE quirk: reg 0x14: [io  0x03f6]
[    0.076271] pci 0000:00:01.1: legacy IDE quirk: reg 0x18: [io  0x0170-0x0177]
[    0.076706] pci 0000:00:01.1: legacy IDE quirk: reg 0x1c: [io  0x0376]
[    0.077164] pci 0000:00:02.0: [80ee:beef] type 00 class 0x030000
[    0.079026] pci 0000:00:02.0: reg 0x10: [mem 0xe0000000-0xe0ffffff pref]
[    0.088373] pci 0000:00:03.0: [8086:100e] type 00 class 0x020000
[    0.089192] pci 0000:00:03.0: reg 0x10: [mem 0xf0000000-0xf001ffff]
[    0.091499] pci 0000:00:03.0: reg 0x18: [io  0xd010-0xd017]
[    0.096508] pci 0000:00:04.0: [80ee:cafe] type 00 class 0x088000
[    0.097145] pci 0000:00:04.0: reg 0x10: [io  0xd020-0xd03f]
[    0.098087] pci 0000:00:04.0: reg 0x14: [mem 0xf0400000-0xf07fffff]
[    0.098962] pci 0000:00:04.0: reg 0x18: [mem 0xf0800000-0xf0803fff pref]
[    0.103195] pci 0000:00:05.0: [8086:2415] type 00 class 0x040100
[    0.103352] pci 0000:00:05.0: reg 0x10: [io  0xd100-0xd1ff]
[    0.103434] pci 0000:00:05.0: reg 0x14: [io  0xd200-0xd23f]
[    0.104114] pci 0000:00:06.0: [106b:003f] type 00 class 0x0c0310
[    0.105000] pci 0000:00:06.0: reg 0x10: [mem 0xf0804000-0xf0804fff]
[    0.110435] pci 0000:00:07.0: [8086:7113] type 00 class 0x068000
[    0.111079] pci 0000:00:07.0: quirk: [io  0x4000-0x403f] claimed by PIIX4 ACPI
[    0.111572] pci 0000:00:07.0: quirk: [io  0x4100-0x410f] claimed by PIIX4 SMB
[    0.112354] pci 0000:00:0d.0: [8086:2829] type 00 class 0x010601
[    0.113183] pci 0000:00:0d.0: reg 0x10: [io  0xd240-0xd247]
[    0.114031] pci 0000:00:0d.0: reg 0x14: [io  0xd248-0xd24b]
[    0.114874] pci 0000:00:0d.0: reg 0x18: [io  0xd250-0xd257]
[    0.115808] pci 0000:00:0d.0: reg 0x1c: [io  0xd258-0xd25b]
[    0.116480] pci 0000:00:0d.0: reg 0x20: [io  0xd260-0xd26f]
[    0.117878] pci 0000:00:0d.0: reg 0x24: [mem 0xf0806000-0xf0807fff]
[    0.120826] ACPI: PCI Interrupt Link [LNKA] (IRQs 5 9 10 *11)
[    0.121255] ACPI: PCI Interrupt Link [LNKB] (IRQs 5 9 *10 11)
[    0.122104] ACPI: PCI Interrupt Link [LNKC] (IRQs 5 *9 10 11)
[    0.122606] ACPI: PCI Interrupt Link [LNKD] (IRQs 5 9 10 *11)
[    0.123326] pci 0000:00:02.0: vgaarb: setting as boot VGA device
[    0.123765] pci 0000:00:02.0: vgaarb: VGA device added: decodes=io+mem,owns=io+mem,locks=none
[    0.124119] pci 0000:00:02.0: vgaarb: bridge control possible
[    0.125002] vgaarb: loaded
[    0.125530] SCSI subsystem initialized
[    0.125966] libata version 3.00 loaded.
[    0.126000] ACPI: bus type USB registered
[    0.126093] usbcore: registered new interface driver usbfs
[    0.126561] usbcore: registered new interface driver hub
[    0.127033] usbcore: registered new device driver usb
[    0.127457] pps_core: LinuxPPS API ver. 1 registered
[    0.128004] pps_core: Software ver. 5.3.6 - Copyright 2005-2007 Rodolfo Giometti <giometti@linux.it>
[    0.129116] PTP clock support registered
[    0.129507] EDAC MC: Ver: 3.0.0
[    0.130383] Advanced Linux Sound Architecture Driver Initialized.
[    0.130797] PCI: Using ACPI for IRQ routing
[    0.131104] PCI: pci_cache_line_size set to 64 bytes
[    0.132003] e820: reserve RAM buffer [mem 0x0009fc00-0x0009ffff]
[    0.132008] e820: reserve RAM buffer [mem 0x7fff0000-0x7fffffff]
[    0.132153] NetLabel: Initializing
[    0.132471] NetLabel:  domain hash size = 128
[    0.132823] NetLabel:  protocols = UNLABELED CIPSOv4 CALIPSO
[    0.133084] NetLabel:  unlabeled traffic allowed by default
[    0.133550] clocksource: Switched to clocksource tsc-early
[    0.144257] VFS: Disk quotas dquot_6.6.0
[    0.144623] VFS: Dquot-cache hash table entries: 512 (order 0, 4096 bytes)
[    0.145088] pnp: PnP ACPI init
[    0.145415] pnp 00:00: Plug and Play ACPI device, IDs PNP0303 (active)
[    0.145500] pnp 00:01: Plug and Play ACPI device, IDs PNP0f03 (active)
[    0.146239] pnp: PnP ACPI: found 2 devices
[    0.153344] clocksource: acpi_pm: mask: 0xffffff max_cycles: 0xffffff, max_idle_ns: 2085701024 ns
[    0.154569] pci_bus 0000:00: resource 4 [io  0x0000-0x0cf7 window]
[    0.154571] pci_bus 0000:00: resource 5 [io  0x0d00-0xffff window]
[    0.154572] pci_bus 0000:00: resource 6 [mem 0x000a0000-0x000bffff window]
[    0.154573] pci_bus 0000:00: resource 7 [mem 0x80000000-0xfdffffff window]
[    0.154605] NET: Registered protocol family 2
[    0.155110] tcp_listen_portaddr_hash hash table entries: 1024 (order: 2, 16384 bytes)
[    0.155621] TCP established hash table entries: 16384 (order: 5, 131072 bytes)
[    0.156114] TCP bind hash table entries: 16384 (order: 6, 262144 bytes)
[    0.156551] TCP: Hash tables configured (established 16384 bind 16384)
[    0.157046] UDP hash table entries: 1024 (order: 3, 32768 bytes)
[    0.157531] UDP-Lite hash table entries: 1024 (order: 3, 32768 bytes)
[    0.157972] NET: Registered protocol family 1
[    0.158366] RPC: Registered named UNIX socket transport module.
[    0.158771] RPC: Registered udp transport module.
[    0.159201] RPC: Registered tcp transport module.
[    0.159576] RPC: Registered tcp NFSv4.1 backchannel transport module.
[    0.160145] pci 0000:00:00.0: Limiting direct PCI/PCI transfers
[    0.160851] pci 0000:00:01.0: Activating ISA DMA hang workarounds
[    0.161312] pci 0000:00:02.0: Video device with shadowed ROM at [mem 0x000c0000-0x000dffff]
[    0.163139] PCI: CLS 0 bytes, default 64
[    0.163184] RAPL PMU: API unit is 2^-32 Joules, 3 fixed counters, 10737418240 ms ovfl timer
[    0.163686] RAPL PMU: hw unit of domain pp0-core 2^-0 Joules
[    0.164067] RAPL PMU: hw unit of domain package 2^-0 Joules
[    0.164494] RAPL PMU: hw unit of domain pp1-gpu 2^-0 Joules
[    0.164971] platform rtc_cmos: registered platform RTC device (no PNP device found)
[    0.166324] Scanning for low memory corruption every 60 seconds
[    0.167153] Initialise system trusted keyrings
[    0.167753] workingset: timestamp_bits=56 max_order=19 bucket_order=0
[    0.171007] NFS: Registering the id_resolver key type
[    0.171292] Key type id_resolver registered
[    0.171565] Key type id_legacy registered
[    0.171972] SELinux:  Registering netfilter hooks
[    0.172517] Key type asymmetric registered
[    0.172866] Asymmetric key parser 'x509' registered
[    0.173226] Block layer SCSI generic (bsg) driver version 0.4 loaded (major 250)
[    0.173746] io scheduler noop registered
[    0.174114] io scheduler deadline registered
[    0.174523] io scheduler cfq registered (default)
[    0.174885] io scheduler mq-deadline registered
[    0.175182] io scheduler kyber registered
[    0.175857] ACPI: AC Adapter [AC] (on-line)
[    0.177157] input: Power Button as /devices/LNXSYSTM:00/LNXPWRBN:00/input/input0
[    0.177708] ACPI: Power Button [PWRF]
[    0.178100] input: Sleep Button as /devices/LNXSYSTM:00/LNXSLPBN:00/input/input1
[    0.178631] ACPI: Sleep Button [SLPF]
[    0.179059] ACPI: Video Device [GFX0] (multi-head: yes  rom: no  post: no)
[    0.179556] input: Video Bus as /devices/LNXSYSTM:00/LNXSYBUS:00/PNP0A03:00/LNXVIDEO:00/input/input2
[    0.180367] Serial: 8250/16550 driver, 4 ports, IRQ sharing enabled
[    0.181101] Non-volatile memory driver v1.3
[    0.181727] Linux agpgart interface v0.103
[    0.184131] loop: module loaded
[    0.184684] ahci 0000:00:0d.0: version 3.0
[    0.185232] ahci 0000:00:0d.0: SSS flag set, parallel bus scan disabled
[    0.185874] ahci 0000:00:0d.0: AHCI 0001.0100 32 slots 6 ports 3 Gbps 0x3f impl SATA mode
[    0.186534] ahci 0000:00:0d.0: flags: 64bit ncq stag only ccc 
[    0.189884] scsi host0: ahci
[    0.190254] scsi host1: ahci
[    0.190650] scsi host2: ahci
[    0.191062] scsi host3: ahci
[    0.191422] scsi host4: ahci
[    0.191810] scsi host5: ahci
[    0.192137] ata1: SATA max UDMA/133 abar m8192@0xf0806000 port 0xf0806100 irq 21
[    0.192631] ata2: SATA max UDMA/133 abar m8192@0xf0806000 port 0xf0806180 irq 21
[    0.193092] ata3: SATA max UDMA/133 abar m8192@0xf0806000 port 0xf0806200 irq 21
[    0.193568] ata4: SATA max UDMA/133 abar m8192@0xf0806000 port 0xf0806280 irq 21
[    0.194054] ata5: SATA max UDMA/133 abar m8192@0xf0806000 port 0xf0806300 irq 21
[    0.194530] ata6: SATA max UDMA/133 abar m8192@0xf0806000 port 0xf0806380 irq 21
[    0.195134] ata_piix 0000:00:01.1: version 2.13
[    0.195465] scsi host6: ata_piix
[    0.195943] scsi host7: ata_piix
[    0.196194] ata7: PATA max UDMA/33 cmd 0x1f0 ctl 0x3f6 bmdma 0xd000 irq 14
[    0.197069] ata8: PATA max UDMA/33 cmd 0x170 ctl 0x376 bmdma 0xd008 irq 15
[    0.197551] e100: Intel(R) PRO/100 Network Driver, 3.5.24-k2-NAPI
[    0.197936] e100: Copyright(c) 1999-2006 Intel Corporation
[    0.198363] e1000: Intel(R) PRO/1000 Network Driver - version 7.3.21-k8-NAPI
[    0.198781] e1000: Copyright (c) 1999-2006 Intel Corporation.
[    0.359680] ata7.00: ATAPI: VBOX CD-ROM, 1.0, max UDMA/133
[    0.360323] ata8.00: ATAPI: VBOX CD-ROM, 1.0, max UDMA/133
[    0.361156] ata8.00: configured for UDMA/33
[    0.361869] ata7.00: configured for UDMA/33
[    0.507530] ata1: SATA link up 3.0 Gbps (SStatus 123 SControl 300)
[    0.508311] ata1.00: ATA-6: VBOX HARDDISK, 1.0, max UDMA/133
[    0.508600] ata1.00: 41943040 sectors, multi 128: LBA48 NCQ (depth 31/32)
[    0.513440] ata1.00: configured for UDMA/133
[    0.513834] scsi 0:0:0:0: Direct-Access     ATA      VBOX HARDDISK    1.0  PQ: 0 ANSI: 5
[    0.514440] sd 0:0:0:0: [sda] 41943040 512-byte logical blocks: (21.5 GB/20.0 GiB)
[    0.514863] sd 0:0:0:0: [sda] Write Protect is off
[    0.515216] sd 0:0:0:0: [sda] Mode Sense: 00 3a 00 00
[    0.515232] sd 0:0:0:0: Attached scsi generic sg0 type 0
[    0.516196] sd 0:0:0:0: [sda] Write cache: enabled, read cache: enabled, doesn't support DPO or FUA
[    0.526564]  sda: sda1 sda2 sda3
[    0.527158] sd 0:0:0:0: [sda] Attached SCSI disk
[    0.578699] e1000 0000:00:03.0 eth0: (PCI:33MHz:32-bit) 08:00:27:f8:c0:1c
[    0.579119] e1000 0000:00:03.0 eth0: Intel(R) PRO/1000 Network Connection
[    0.579553] e1000e: Intel(R) PRO/1000 Network Driver - 3.2.6-k
[    0.579932] e1000e: Copyright(c) 1999 - 2015 Intel Corporation.
[    0.581101] sky2: driver version 1.30
[    0.581569] ehci_hcd: USB 2.0 'Enhanced' Host Controller (EHCI) Driver
[    0.581966] ehci-pci: EHCI PCI platform driver
[    0.582222] ohci_hcd: USB 1.1 'Open' Host Controller (OHCI) Driver
[    0.582607] ohci-pci: OHCI PCI platform driver
[    0.583614] ohci-pci 0000:00:06.0: OHCI PCI host controller
[    0.584129] ohci-pci 0000:00:06.0: new USB bus registered, assigned bus number 1
[    0.584595] ohci-pci 0000:00:06.0: irq 22, io mem 0xf0804000
[    0.637956] usb usb1: New USB device found, idVendor=1d6b, idProduct=0001
[    0.638367] usb usb1: New USB device strings: Mfr=3, Product=2, SerialNumber=1
[    0.638865] usb usb1: Product: OHCI PCI host controller
[    0.639221] usb usb1: Manufacturer: Linux 4.16.0-thor_kernel-05456-g17dec0a94915-dirty ohci_hcd
[    0.639738] usb usb1: SerialNumber: 0000:00:06.0
[    0.640224] hub 1-0:1.0: USB hub found
[    0.640566] hub 1-0:1.0: 12 ports detected
[    0.641236] uhci_hcd: USB Universal Host Controller Interface driver
[    0.641679] usbcore: registered new interface driver usblp
[    0.642115] usbcore: registered new interface driver usb-storage
[    0.642570] i8042: PNP: PS/2 Controller [PNP0303:PS2K,PNP0f03:PS2M] at 0x60,0x64 irq 1,12
[    0.643559] serio: i8042 KBD port at 0x60,0x64 irq 1
[    0.643845] serio: i8042 AUX port at 0x60,0x64 irq 12
[    0.644871] input: AT Translated Set 2 keyboard as /devices/platform/i8042/serio0/input/input3
[    0.647456] rtc_cmos rtc_cmos: rtc core: registered rtc_cmos as rtc0
[    0.647869] rtc_cmos rtc_cmos: alarms up to one day, 114 bytes nvram
[    0.648422] device-mapper: ioctl: 4.37.0-ioctl (2017-09-20) initialised: dm-devel@redhat.com
[    0.648867] hidraw: raw HID events driver (C) Jiri Kosina
[    0.649827] usbcore: registered new interface driver usbhid
[    0.650225] usbhid: USB HID core driver
[    0.650746] Initializing XFRM netlink socket
[    0.651179] NET: Registered protocol family 10
[    0.652030] Segment Routing with IPv6
[    0.652800] sit: IPv6, IPv4 and MPLS over IPv4 tunneling driver
[    0.653290] NET: Registered protocol family 17
[    0.653648] Key type dns_resolver registered
[    0.654112] sched_clock: Marking stable (653991496, 0)->(745515739, -91524243)
[    0.654721] registered taskstats version 1
[    0.655031] Loading compiled-in X.509 certificates
[    0.655777]   Magic number: 14:112:531
[    0.656134] console [netcon0] enabled
[    0.656456] netconsole: network logging started
[    0.656887] cfg80211: Loading compiled-in X.509 certificates for regulatory database
[    0.657657] cfg80211: Loaded X.509 cert 'sforshee: 00b28ddf47aef9cea7'
[    0.658138] ALSA device list:
[    0.658449]   No soundcards found.
[    0.658776] platform regulatory.0: Direct firmware load for regulatory.db failed with error -2
[    0.659301] cfg80211: failed to load regulatory.db
[    0.830530] ata2: SATA link up 3.0 Gbps (SStatus 123 SControl 300)
[    0.831020] ata2.00: ATA-6: VBOX HARDDISK, 1.0, max UDMA/133
[    0.831393] ata2.00: 20971520 sectors, multi 128: LBA48 NCQ (depth 31/32)
[    0.831938] ata2.00: configured for UDMA/133
[    0.832875] scsi 1:0:0:0: Direct-Access     ATA      VBOX HARDDISK    1.0  PQ: 0 ANSI: 5
[    0.833508] sd 1:0:0:0: [sdb] 20971520 512-byte logical blocks: (10.7 GB/10.0 GiB)
[    0.833916] sd 1:0:0:0: [sdb] Write Protect is off
[    0.834257] sd 1:0:0:0: [sdb] Mode Sense: 00 3a 00 00
[    0.834272] sd 1:0:0:0: Attached scsi generic sg1 type 0
[    0.834680] sd 1:0:0:0: [sdb] Write cache: enabled, read cache: enabled, doesn't support DPO or FUA
[    0.839238]  sdb: sdb1 sdb2 < sdb5 >
[    0.839790] sd 1:0:0:0: [sdb] Attached SCSI disk
[    0.852980] input: ImExPS/2 Generic Explorer Mouse as /devices/platform/i8042/serio1/input/input5
[    1.044444] usb 1-1: new full-speed USB device number 2 using ohci-pci
[    1.150527] ata3: SATA link down (SStatus 0 SControl 300)
[    1.184914] tsc: Refined TSC clocksource calibration: 2893.406 MHz
[    1.185327] clocksource: tsc: mask: 0xffffffffffffffff max_cycles: 0x29b4ee1aabe, max_idle_ns: 440795265226 ns
[    1.185867] clocksource: Switched to clocksource tsc
[    1.301442] usb 1-1: New USB device found, idVendor=80ee, idProduct=0021
[    1.301832] usb 1-1: New USB device strings: Mfr=1, Product=3, SerialNumber=0
[    1.302948] usb 1-1: Product: USB Tablet
[    1.303292] usb 1-1: Manufacturer: VirtualBox
[    1.313949] input: VirtualBox USB Tablet as /devices/pci0000:00/0000:00:06.0/usb1/1-1/1-1:1.0/0003:80EE:0021.0001/input/input6
[    1.314646] hid-generic 0003:80EE:0021.0001: input,hidraw0: USB HID v1.10 Mouse [VirtualBox USB Tablet] on usb-0000:00:06.0-1/input0
[    1.465981] ata4: SATA link down (SStatus 0 SControl 300)
[    1.778930] ata5: SATA link down (SStatus 0 SControl 300)
[    2.090689] ata6: SATA link down (SStatus 0 SControl 300)
[    2.091445] scsi 6:0:0:0: CD-ROM            VBOX     CD-ROM           1.0  PQ: 0 ANSI: 5
[    2.107810] sr 6:0:0:0: [sr0] scsi3-mmc drive: 32x/32x xa/form2 tray
[    2.108146] cdrom: Uniform CD-ROM driver Revision: 3.20
[    2.108567] sr 6:0:0:0: Attached scsi CD-ROM sr0
[    2.108830] sr 6:0:0:0: Attached scsi generic sg2 type 5
[    2.109330] scsi 7:0:0:0: CD-ROM            VBOX     CD-ROM           1.0  PQ: 0 ANSI: 5
[    2.124538] sr 7:0:0:0: [sr1] scsi3-mmc drive: 32x/32x xa/form2 tray
[    2.125056] sr 7:0:0:0: Attached scsi CD-ROM sr1
[    2.125206] sr 7:0:0:0: Attached scsi generic sg3 type 5
[    2.125676] md: Waiting for all devices to be available before autodetect
[    2.126000] md: If you don't use raid, use raid=noautodetect
[    2.128828] md: Autodetecting RAID arrays.
[    2.129113] md: autorun ...
[    2.129395] md: ... autorun DONE.
[    2.131597] EXT4-fs (sda1): couldn't mount as ext3 due to feature incompatibilities
[    2.133661] EXT4-fs (sda1): couldn't mount as ext2 due to feature incompatibilities
[    2.152927] EXT4-fs (sda1): mounted filesystem with ordered data mode. Opts: (null)
[    2.153477] VFS: Mounted root (ext4 filesystem) readonly on device 8:1.
[    2.172603] devtmpfs: mounted
[    2.174491] Freeing unused kernel memory: 1220K
[    2.174848] Write protecting the kernel read-only data: 18432k
[    2.175931] Freeing unused kernel memory: 2004K
[    2.177840] Freeing unused kernel memory: 1016K
[    2.565281] systemd[1]: RTC configured in localtime, applying delta of 120 minutes to system time.
[    2.590939] systemd[1]: systemd 237 running in system mode. (-PAM -AUDIT -SELINUX +IMA -APPARMOR +SMACK +SYSVINIT +UTMP -LIBCRYPTSETUP -GCRYPT -GNUTLS +ACL +XZ -LZ4 -SECCOMP +BLKID -ELFUTILS +KMOD -IDN2 -IDN -PCRE2 default-hierarchy=hybrid)
[    2.592006] systemd[1]: Detected virtualization oracle.
[    2.592399] systemd[1]: Detected architecture x86-64.
[    2.615159] systemd[1]: Set hostname to <ataguiro>.
[    2.678343] systemd-rc-loca (1081) used greatest stack depth: 14272 bytes left
[    2.690271] systemd-debug-g (1076) used greatest stack depth: 14256 bytes left
[    2.691117] systemd-getty-g (1078) used greatest stack depth: 13800 bytes left
[    2.758271] systemd[1]: File /lib/systemd/system/systemd-journald.service:35 configures an IP firewall (IPAddressDeny=any), but the local system does not support BPF/cgroup based firewalling.
[    2.759101] systemd[1]: Proceeding WITHOUT firewalling in effect! (This warning is only shown for the first loaded unit using IP firewalling.)
[    2.922925] systemd[1]: Created slice System Slice.
[    2.924785] systemd[1]: Listening on Network Service Netlink Socket.
[    2.926601] systemd[1]: Created slice system-systemd\x2dfsck.slice.
[    2.928521] systemd[1]: Set up automount Arbitrary Executable File Formats File System Automount Point.
[    3.227139] EXT4-fs (sda1): re-mounted. Opts: (null)
[    3.351956] systemd-journald[1085]: Received request to flush runtime journal from PID 1
[    3.656064] random: crng init done
[    3.690984] e1000 0000:00:03.0 enp0s3: renamed from eth0
[    3.756997] IPv6: ADDRCONF(NETDEV_UP): enp0s3: link is not ready
[    3.762762] e1000: enp0s3 NIC Link is Up 1000 Mbps Full Duplex, Flow Control: RX
[    3.763930] IPv6: ADDRCONF(NETDEV_CHANGE): enp0s3: link becomes ready
[    3.958142] systemd-udevd (1645) used greatest stack depth: 13592 bytes left
[    3.976159] Adding 3668988k swap on /dev/sda3.  Priority:1 extents:1 across:3668988k 
[    4.031087] EXT4-fs (sda2): mounting ext2 file system using the ext4 subsystem
[    4.059841] EXT4-fs (sda2): mounted filesystem without journal. Opts: (null)
[    4.127302] systemd-tmpfile (1668) used greatest stack depth: 13424 bytes left
