[    0.000000] Linux version 4.17.0-rc1-next-20180420 (root@ataguiro) (gcc version 7.3.0 (GCC)) #1 SMP Sat Apr 21 17:19:29 CEST 2018
[    0.000000] Command line: BOOT_IMAGE=/vmlinuz-next root=/dev/sda1 ro
[    0.000000] x86/fpu: Supporting XSAVE feature 0x001: 'x87 floating point registers'
[    0.000000] x86/fpu: Supporting XSAVE feature 0x002: 'SSE registers'
[    0.000000] x86/fpu: Supporting XSAVE feature 0x004: 'AVX registers'
[    0.000000] x86/fpu: xstate_offset[2]:  576, xstate_sizes[2]:  256
[    0.000000] x86/fpu: Enabled xstate features 0x7, context size is 832 bytes, using 'standard' format.
[    0.000000] e820: BIOS-provided physical RAM map:
[    0.000000] BIOS-e820: [mem 0x0000000000000000-0x000000000009fbff] usable
[    0.000000] BIOS-e820: [mem 0x000000000009fc00-0x000000000009ffff] reserved
[    0.000000] BIOS-e820: [mem 0x00000000000f0000-0x00000000000fffff] reserved
[    0.000000] BIOS-e820: [mem 0x0000000000100000-0x000000003ffeffff] usable
[    0.000000] BIOS-e820: [mem 0x000000003fff0000-0x000000003fffffff] ACPI data
[    0.000000] BIOS-e820: [mem 0x00000000fec00000-0x00000000fec00fff] reserved
[    0.000000] BIOS-e820: [mem 0x00000000fee00000-0x00000000fee00fff] reserved
[    0.000000] BIOS-e820: [mem 0x00000000fffc0000-0x00000000ffffffff] reserved
[    0.000000] NX (Execute Disable) protection: active
[    0.000000] random: fast init done
[    0.000000] SMBIOS 2.5 present.
[    0.000000] DMI: innotek GmbH VirtualBox/VirtualBox, BIOS VirtualBox 12/01/2006
[    0.000000] e820: update [mem 0x00000000-0x00000fff] usable ==> reserved
[    0.000000] e820: remove [mem 0x000a0000-0x000fffff] usable
[    0.000000] e820: last_pfn = 0x3fff0 max_arch_pfn = 0x400000000
[    0.000000] MTRR default type: uncachable
[    0.000000] MTRR variable ranges disabled:
[    0.000000] MTRR: Disabled
[    0.000000] x86/PAT: MTRRs disabled, skipping PAT initialization too.
[    0.000000] CPU MTRRs all blank - virtualized system.
[    0.000000] x86/PAT: Configuration [0-7]: WB  WT  UC- UC  WB  WT  UC- UC  
[    0.000000] found SMP MP-table at [mem 0x0009fff0-0x0009ffff] mapped at [(____ptrval____)]
[    0.000000] Scanning 1 areas for low memory corruption
[    0.000000] Base memory trampoline at [(____ptrval____)] 99000 size 24576
[    0.000000] BRK [0x31f03000, 0x31f03fff] PGTABLE
[    0.000000] BRK [0x31f04000, 0x31f04fff] PGTABLE
[    0.000000] BRK [0x31f05000, 0x31f05fff] PGTABLE
[    0.000000] BRK [0x31f06000, 0x31f06fff] PGTABLE
[    0.000000] BRK [0x31f07000, 0x31f07fff] PGTABLE
[    0.000000] ACPI: Early table checksum verification disabled
[    0.000000] ACPI: RSDP 0x00000000000E0000 000024 (v02 VBOX  )
[    0.000000] ACPI: XSDT 0x000000003FFF0030 00003C (v01 VBOX   VBOXXSDT 00000001 ASL  00000061)
[    0.000000] ACPI: FACP 0x000000003FFF00F0 0000F4 (v04 VBOX   VBOXFACP 00000001 ASL  00000061)
[    0.000000] ACPI: DSDT 0x000000003FFF0470 0021FF (v02 VBOX   VBOXBIOS 00000002 INTL 20180105)
[    0.000000] ACPI: FACS 0x000000003FFF0200 000040
[    0.000000] ACPI: FACS 0x000000003FFF0200 000040
[    0.000000] ACPI: APIC 0x000000003FFF0240 000054 (v02 VBOX   VBOXAPIC 00000001 ASL  00000061)
[    0.000000] ACPI: SSDT 0x000000003FFF02A0 0001CC (v01 VBOX   VBOXCPUT 00000002 INTL 20180105)
[    0.000000] ACPI: Local APIC address 0xfee00000
[    0.000000] No NUMA configuration found
[    0.000000] Faking a node at [mem 0x0000000000000000-0x000000003ffeffff]
[    0.000000] NODE_DATA(0) allocated [mem 0x3ffec000-0x3ffeffff]
[    0.000000] tsc: Fast TSC calibration using PIT
[    0.000000] Zone ranges:
[    0.000000]   DMA      [mem 0x0000000000001000-0x0000000000ffffff]
[    0.000000]   DMA32    [mem 0x0000000001000000-0x000000003ffeffff]
[    0.000000]   Normal   empty
[    0.000000] Movable zone start for each node
[    0.000000] Early memory node ranges
[    0.000000]   node   0: [mem 0x0000000000001000-0x000000000009efff]
[    0.000000]   node   0: [mem 0x0000000000100000-0x000000003ffeffff]
[    0.000000] Initmem setup node 0 [mem 0x0000000000001000-0x000000003ffeffff]
[    0.000000] On node 0 totalpages: 262030
[    0.000000]   DMA zone: 64 pages used for memmap
[    0.000000]   DMA zone: 21 pages reserved
[    0.000000]   DMA zone: 3998 pages, LIFO batch:0
[    0.000000]   DMA32 zone: 4032 pages used for memmap
[    0.000000]   DMA32 zone: 258032 pages, LIFO batch:31
[    0.000000] Reserved but unavailable: 98 pages
[    0.000000] ACPI: PM-Timer IO Port: 0x4008
[    0.000000] ACPI: Local APIC address 0xfee00000
[    0.000000] IOAPIC[0]: apic_id 1, version 32, address 0xfec00000, GSI 0-23
[    0.000000] ACPI: INT_SRC_OVR (bus 0 bus_irq 0 global_irq 2 dfl dfl)
[    0.000000] ACPI: INT_SRC_OVR (bus 0 bus_irq 9 global_irq 9 low level)
[    0.000000] ACPI: IRQ0 used by override.
[    0.000000] ACPI: IRQ9 used by override.
[    0.000000] Using ACPI (MADT) for SMP configuration information
[    0.000000] smpboot: Allowing 1 CPUs, 0 hotplug CPUs
[    0.000000] PM: Registered nosave memory: [mem 0x00000000-0x00000fff]
[    0.000000] PM: Registered nosave memory: [mem 0x0009f000-0x0009ffff]
[    0.000000] PM: Registered nosave memory: [mem 0x000a0000-0x000effff]
[    0.000000] PM: Registered nosave memory: [mem 0x000f0000-0x000fffff]
[    0.000000] e820: [mem 0x40000000-0xfebfffff] available for PCI devices
[    0.000000] clocksource: refined-jiffies: mask: 0xffffffff max_cycles: 0xffffffff, max_idle_ns: 1910969940391419 ns
[    0.000000] setup_percpu: NR_CPUS:64 nr_cpumask_bits:64 nr_cpu_ids:1 nr_node_ids:1
[    0.000000] percpu: Embedded 43 pages/cpu @(____ptrval____) s137112 r8192 d30824 u2097152
[    0.000000] pcpu-alloc: s137112 r8192 d30824 u2097152 alloc=1*2097152
[    0.000000] pcpu-alloc: [0] 0 
[    0.000000] Built 1 zonelists, mobility grouping on.  Total pages: 257913
[    0.000000] Policy zone: DMA32
[    0.000000] Kernel command line: BOOT_IMAGE=/vmlinuz-next root=/dev/sda1 ro
[    0.000000] Calgary: detecting Calgary via BIOS EBDA area
[    0.000000] Calgary: Unable to locate Rio Grande table in EBDA - bailing!
[    0.000000] Memory: 1005748K/1048120K available (12300K kernel code, 1290K rwdata, 3096K rodata, 1240K init, 608K bss, 42372K reserved, 0K cma-reserved)
[    0.000000] SLUB: HWalign=64, Order=0-3, MinObjects=0, CPUs=1, Nodes=1
[    0.000000] Kernel/User page tables isolation: enabled
[    0.000000] Hierarchical RCU implementation.
[    0.000000] 	RCU event tracing is enabled.
[    0.000000] 	RCU restricting CPUs from NR_CPUS=64 to nr_cpu_ids=1.
[    0.000000] RCU: Adjusting geometry for rcu_fanout_leaf=16, nr_cpu_ids=1
[    0.000000] NR_IRQS: 4352, nr_irqs: 256, preallocated irqs: 16
[    0.000000] Console: colour VGA+ 80x25
[    0.000000] console [tty0] enabled
[    0.000000] ACPI: Core revision 20180313
[    0.000000] APIC: Switch to symmetric I/O mode setup
[    0.000000] ..TIMER: vector=0x30 apic1=0 pin1=2 apic2=-1 pin2=-1
[    0.006000] tsc: Fast TSC calibration using PIT
[    0.007000] tsc: Detected 2904.144 MHz processor
[    0.007000] clocksource: tsc-early: mask: 0xffffffffffffffff max_cycles: 0x29dc8d82c8a, max_idle_ns: 440795220663 ns
[    0.008000] Calibrating delay loop (skipped), value calculated using timer frequency.. 5808.28 BogoMIPS (lpj=2904144)
[    0.008156] pid_max: default: 32768 minimum: 301
[    0.008393] Security Framework initialized
[    0.008607] SELinux:  Initializing.
[    0.009004] SELinux:  Starting in permissive mode
[    0.009130] Dentry cache hash table entries: 131072 (order: 8, 1048576 bytes)
[    0.009818] Inode-cache hash table entries: 65536 (order: 7, 524288 bytes)
[    0.010000] Mount-cache hash table entries: 2048 (order: 2, 16384 bytes)
[    0.010201] Mountpoint-cache hash table entries: 2048 (order: 2, 16384 bytes)
[    0.010600] CPU: Physical Processor ID: 0
[    0.010829] mce: CPU supports 0 MCE banks
[    0.011000] process: using mwait in idle threads
[    0.011152] Last level iTLB entries: 4KB 64, 2MB 8, 4MB 8
[    0.011392] Last level dTLB entries: 4KB 64, 2MB 0, 4MB 0, 1GB 4
[    0.011654] Spectre V2 : Mitigation: Full generic retpoline
[    0.012001] Spectre V2 : Spectre v2 mitigation: Filling RSB on context switch
[    0.022008] Freeing SMP alternatives memory: 36K
[    0.023000] smpboot: CPU0: Intel(R) Core(TM) i7-7600U CPU @ 2.80GHz (family: 0x6, model: 0x8e, stepping: 0x9)
[    0.023000] Performance Events: unsupported p6 CPU model 142 no PMU driver, software events only.
[    0.023000] Hierarchical SRCU implementation.
[    0.023268] smp: Bringing up secondary CPUs ...
[    0.023474] smp: Brought up 1 node, 1 CPU
[    0.023673] smpboot: Max logical packages: 1
[    0.023871] smpboot: Total of 1 processors activated (5808.28 BogoMIPS)
[    0.024000] devtmpfs: initialized
[    0.024265] clocksource: jiffies: mask: 0xffffffff max_cycles: 0xffffffff, max_idle_ns: 1911260446275000 ns
[    0.024621] futex hash table entries: 256 (order: 2, 16384 bytes)
[    0.025035] RTC time: 17:37:11, date: 04/21/18
[    0.025284] NET: Registered protocol family 16
[    0.025530] audit: initializing netlink subsys (disabled)
[    0.025814] cpuidle: using governor menu
[    0.026020] ACPI: bus type PCI registered
[    0.026263] PCI: Using configuration type 1 for base access
[    0.026563] audit: type=2000 audit(1524332231.025:1): state=initialized audit_enabled=0 res=1
[    0.028027] kworker/u2:0 (18) used greatest stack depth: 14640 bytes left
[    0.028295] kworker/u2:0 (20) used greatest stack depth: 14144 bytes left
[    0.033563] HugeTLB registered 2.00 MiB page size, pre-allocated 0 pages
[    0.033896] ACPI: Added _OSI(Module Device)
[    0.034000] ACPI: Added _OSI(Processor Device)
[    0.034182] ACPI: Added _OSI(3.0 _SCP Extensions)
[    0.034388] ACPI: Added _OSI(Processor Aggregator Device)
[    0.034608] ACPI: Added _OSI(Linux-Dell-Video)
[    0.036377] ACPI: 2 ACPI AML tables successfully acquired and loaded
[    0.037419] ACPI: Interpreter enabled
[    0.037616] ACPI: (supports S0 S5)
[    0.037799] ACPI: Using IOAPIC for interrupt routing
[    0.038129] PCI: Using host bridge windows from ACPI; if necessary, use "pci=nocrs" and report a bug
[    0.038656] ACPI: Enabled 2 GPEs in block 00 to 07
[    0.041455] ACPI: PCI Root Bridge [PCI0] (domain 0000 [bus 00-ff])
[    0.041713] acpi PNP0A03:00: _OSC: OS supports [ASPM ClockPM Segments MSI]
[    0.042020] acpi PNP0A03:00: _OSC: not requesting OS control; OS requires [ExtendedConfig ASPM ClockPM MSI]
[    0.042375] acpi PNP0A03:00: fail to add MMCONFIG information, can't access extended PCI configuration space under this bridge.
[    0.042814] PCI host bridge to bus 0000:00
[    0.043028] pci_bus 0000:00: root bus resource [io  0x0000-0x0cf7 window]
[    0.043277] pci_bus 0000:00: root bus resource [io  0x0d00-0xffff window]
[    0.043529] pci_bus 0000:00: root bus resource [mem 0x000a0000-0x000bffff window]
[    0.043837] pci_bus 0000:00: root bus resource [mem 0x40000000-0xfdffffff window]
[    0.044000] pci_bus 0000:00: root bus resource [bus 00-ff]
[    0.044138] pci 0000:00:00.0: [8086:1237] type 00 class 0x060000
[    0.044451] pci 0000:00:01.0: [8086:7000] type 00 class 0x060100
[    0.044820] pci 0000:00:01.1: [8086:7111] type 00 class 0x01018a
[    0.045190] pci 0000:00:01.1: reg 0x20: [io  0xd000-0xd00f]
[    0.045278] pci 0000:00:01.1: legacy IDE quirk: reg 0x10: [io  0x01f0-0x01f7]
[    0.045533] pci 0000:00:01.1: legacy IDE quirk: reg 0x14: [io  0x03f6]
[    0.045774] pci 0000:00:01.1: legacy IDE quirk: reg 0x18: [io  0x0170-0x0177]
[    0.046001] pci 0000:00:01.1: legacy IDE quirk: reg 0x1c: [io  0x0376]
[    0.046383] pci 0000:00:02.0: [80ee:beef] type 00 class 0x030000
[    0.047274] pci 0000:00:02.0: reg 0x10: [mem 0xe0000000-0xe0ffffff pref]
[    0.054835] pci 0000:00:03.0: [8086:100e] type 00 class 0x020000
[    0.055108] pci 0000:00:03.0: reg 0x10: [mem 0xf0000000-0xf001ffff]
[    0.055906] pci 0000:00:03.0: reg 0x18: [io  0xd010-0xd017]
[    0.057308] pci 0000:00:04.0: [80ee:cafe] type 00 class 0x088000
[    0.057708] pci 0000:00:04.0: reg 0x10: [io  0xd020-0xd03f]
[    0.058147] pci 0000:00:04.0: reg 0x14: [mem 0xf0400000-0xf07fffff]
[    0.059378] pci 0000:00:04.0: reg 0x18: [mem 0xf0800000-0xf0803fff pref]
[    0.062196] pci 0000:00:05.0: [8086:2415] type 00 class 0x040100
[    0.062280] pci 0000:00:05.0: reg 0x10: [io  0xd100-0xd1ff]
[    0.062320] pci 0000:00:05.0: reg 0x14: [io  0xd200-0xd23f]
[    0.062639] pci 0000:00:06.0: [106b:003f] type 00 class 0x0c0310
[    0.063070] pci 0000:00:06.0: reg 0x10: [mem 0xf0804000-0xf0804fff]
[    0.065307] pci 0000:00:07.0: [8086:7113] type 00 class 0x068000
[    0.065589] pci 0000:00:07.0: quirk: [io  0x4000-0x403f] claimed by PIIX4 ACPI
[    0.065909] pci 0000:00:07.0: quirk: [io  0x4100-0x410f] claimed by PIIX4 SMB
[    0.066065] pci 0000:00:0d.0: [8086:2829] type 00 class 0x010601
[    0.066543] pci 0000:00:0d.0: reg 0x10: [io  0xd240-0xd247]
[    0.067092] pci 0000:00:0d.0: reg 0x14: [io  0xd248-0xd24b]
[    0.067528] pci 0000:00:0d.0: reg 0x18: [io  0xd250-0xd257]
[    0.067893] pci 0000:00:0d.0: reg 0x1c: [io  0xd258-0xd25b]
[    0.068071] pci 0000:00:0d.0: reg 0x20: [io  0xd260-0xd26f]
[    0.068424] pci 0000:00:0d.0: reg 0x24: [mem 0xf0806000-0xf0807fff]
[    0.069836] ACPI: PCI Interrupt Link [LNKA] (IRQs 5 9 10 *11)
[    0.070113] ACPI: PCI Interrupt Link [LNKB] (IRQs 5 9 *10 11)
[    0.070401] ACPI: PCI Interrupt Link [LNKC] (IRQs 5 *9 10 11)
[    0.070684] ACPI: PCI Interrupt Link [LNKD] (IRQs 5 9 10 *11)
[    0.071321] pci 0000:00:02.0: vgaarb: setting as boot VGA device
[    0.071564] pci 0000:00:02.0: vgaarb: VGA device added: decodes=io+mem,owns=io+mem,locks=none
[    0.071895] pci 0000:00:02.0: vgaarb: bridge control possible
[    0.072074] vgaarb: loaded
[    0.073156] SCSI subsystem initialized
[    0.073417] libata version 3.00 loaded.
[    0.073481] ACPI: bus type USB registered
[    0.073717] usbcore: registered new interface driver usbfs
[    0.073958] usbcore: registered new interface driver hub
[    0.074009] usbcore: registered new device driver usb
[    0.074266] pps_core: LinuxPPS API ver. 1 registered
[    0.074479] pps_core: Software ver. 5.3.6 - Copyright 2005-2007 Rodolfo Giometti <giometti@linux.it>
[    0.075019] PTP clock support registered
[    0.075324] EDAC MC: Ver: 3.0.0
[    0.076174] Advanced Linux Sound Architecture Driver Initialized.
[    0.076428] PCI: Using ACPI for IRQ routing
[    0.076626] PCI: pci_cache_line_size set to 64 bytes
[    0.076720] e820: reserve RAM buffer [mem 0x0009fc00-0x0009ffff]
[    0.076723] e820: reserve RAM buffer [mem 0x3fff0000-0x3fffffff]
[    0.076806] NetLabel: Initializing
[    0.077008] NetLabel:  domain hash size = 128
[    0.077216] NetLabel:  protocols = UNLABELED CIPSOv4 CALIPSO
[    0.077455] NetLabel:  unlabeled traffic allowed by default
[    0.077793] clocksource: Switched to clocksource tsc-early
[    0.083070] VFS: Disk quotas dquot_6.6.0
[    0.083298] VFS: Dquot-cache hash table entries: 512 (order 0, 4096 bytes)
[    0.083590] pnp: PnP ACPI init
[    0.083833] pnp 00:00: Plug and Play ACPI device, IDs PNP0303 (active)
[    0.083882] pnp 00:01: Plug and Play ACPI device, IDs PNP0f03 (active)
[    0.084190] pnp: PnP ACPI: found 2 devices
[    0.089910] clocksource: acpi_pm: mask: 0xffffff max_cycles: 0xffffff, max_idle_ns: 2085701024 ns
[    0.091343] pci_bus 0000:00: resource 4 [io  0x0000-0x0cf7 window]
[    0.091344] pci_bus 0000:00: resource 5 [io  0x0d00-0xffff window]
[    0.091345] pci_bus 0000:00: resource 6 [mem 0x000a0000-0x000bffff window]
[    0.091347] pci_bus 0000:00: resource 7 [mem 0x40000000-0xfdffffff window]
[    0.091391] NET: Registered protocol family 2
[    0.091734] tcp_listen_portaddr_hash hash table entries: 512 (order: 1, 8192 bytes)
[    0.092083] TCP established hash table entries: 8192 (order: 4, 65536 bytes)
[    0.092306] TCP bind hash table entries: 8192 (order: 5, 131072 bytes)
[    0.092560] TCP: Hash tables configured (established 8192 bind 8192)
[    0.092818] UDP hash table entries: 512 (order: 2, 16384 bytes)
[    0.093050] UDP-Lite hash table entries: 512 (order: 2, 16384 bytes)
[    0.093378] NET: Registered protocol family 1
[    0.093626] RPC: Registered named UNIX socket transport module.
[    0.093858] RPC: Registered udp transport module.
[    0.094063] RPC: Registered tcp transport module.
[    0.094277] RPC: Registered tcp NFSv4.1 backchannel transport module.
[    0.094592] pci 0000:00:00.0: Limiting direct PCI/PCI transfers
[    0.094840] pci 0000:00:01.0: Activating ISA DMA hang workarounds
[    0.095099] pci 0000:00:02.0: Video device with shadowed ROM at [mem 0x000c0000-0x000dffff]
[    0.096770] PCI: CLS 0 bytes, default 64
[    0.096819] RAPL PMU: API unit is 2^-32 Joules, 5 fixed counters, 10737418240 ms ovfl timer
[    0.097157] RAPL PMU: hw unit of domain pp0-core 2^-0 Joules
[    0.097348] RAPL PMU: hw unit of domain package 2^-0 Joules
[    0.097504] RAPL PMU: hw unit of domain dram 2^-0 Joules
[    0.097721] RAPL PMU: hw unit of domain pp1-gpu 2^-0 Joules
[    0.097948] RAPL PMU: hw unit of domain psys 2^-0 Joules
[    0.098193] platform rtc_cmos: registered platform RTC device (no PNP device found)
[    0.098600] Scanning for low memory corruption every 60 seconds
[    0.099360] Initialise system trusted keyrings
[    0.099598] workingset: timestamp_bits=56 max_order=18 bucket_order=0
[    0.101756] NFS: Registering the id_resolver key type
[    0.101982] Key type id_resolver registered
[    0.102179] Key type id_legacy registered
[    0.102407] SELinux:  Registering netfilter hooks
[    0.102800] Key type asymmetric registered
[    0.103001] Asymmetric key parser 'x509' registered
[    0.103228] Block layer SCSI generic (bsg) driver version 0.4 loaded (major 251)
[    0.103552] io scheduler noop registered
[    0.103746] io scheduler deadline registered
[    0.103964] io scheduler cfq registered (default)
[    0.104172] io scheduler mq-deadline registered
[    0.104938] io scheduler kyber registered
[    0.105430] ACPI: AC Adapter [AC] (on-line)
[    0.105674] input: Power Button as /devices/LNXSYSTM:00/LNXPWRBN:00/input/input0
[    0.105988] ACPI: Power Button [PWRF]
[    0.106218] input: Sleep Button as /devices/LNXSYSTM:00/LNXSLPBN:00/input/input1
[    0.106564] ACPI: Sleep Button [SLPF]
[    0.106817] ACPI: Video Device [GFX0] (multi-head: yes  rom: no  post: no)
[    0.107108] input: Video Bus as /devices/LNXSYSTM:00/LNXSYBUS:00/PNP0A03:00/LNXVIDEO:00/input/input2
[    0.107853] ACPI: Battery Slot [BAT0] (battery present)
[    0.108128] Serial: 8250/16550 driver, 4 ports, IRQ sharing enabled
[    0.108527] Non-volatile memory driver v1.3
[    0.108746] Linux agpgart interface v0.103
[    0.109986] loop: module loaded
[    0.110356] ahci 0000:00:0d.0: version 3.0
[    0.112016] ahci 0000:00:0d.0: SSS flag set, parallel bus scan disabled
[    0.112422] ahci 0000:00:0d.0: AHCI 0001.0100 32 slots 1 ports 3 Gbps 0x1 impl SATA mode
[    0.112749] ahci 0000:00:0d.0: flags: 64bit ncq stag only ccc 
[    0.113285] scsi host0: ahci
[    0.113467] ata1: SATA max UDMA/133 abar m8192@0xf0806000 port 0xf0806100 irq 21
[    0.113804] ata_piix 0000:00:01.1: version 2.13
[    0.114120] scsi host1: ata_piix
[    0.114335] scsi host2: ata_piix
[    0.114533] ata2: PATA max UDMA/33 cmd 0x1f0 ctl 0x3f6 bmdma 0xd000 irq 14
[    0.114782] ata3: PATA max UDMA/33 cmd 0x170 ctl 0x376 bmdma 0xd008 irq 15
[    0.115065] e100: Intel(R) PRO/100 Network Driver, 3.5.24-k2-NAPI
[    0.115285] e100: Copyright(c) 1999-2006 Intel Corporation
[    0.115514] e1000: Intel(R) PRO/1000 Network Driver - version 7.3.21-k8-NAPI
[    0.115765] e1000: Copyright (c) 1999-2006 Intel Corporation.
[    0.274011] ata3.00: ATAPI: VBOX CD-ROM, 1.0, max UDMA/133
[    0.274504] ata3.00: configured for UDMA/33
[    0.425662] ata1: SATA link up 3.0 Gbps (SStatus 123 SControl 300)
[    0.427892] ata1.00: ATA-6: VBOX HARDDISK, 1.0, max UDMA/133
[    0.428120] ata1.00: 41943040 sectors, multi 128: LBA48 NCQ (depth 31/32)
[    0.428498] ata1.00: configured for UDMA/133
[    0.428746] scsi 0:0:0:0: Direct-Access     ATA      VBOX HARDDISK    1.0  PQ: 0 ANSI: 5
[    0.429176] sd 0:0:0:0: [sda] 41943040 512-byte logical blocks: (21.5 GB/20.0 GiB)
[    0.429476] sd 0:0:0:0: [sda] Write Protect is off
[    0.429687] sd 0:0:0:0: [sda] Mode Sense: 00 3a 00 00
[    0.429696] sd 0:0:0:0: Attached scsi generic sg0 type 0
[    0.429936] sd 0:0:0:0: [sda] Write cache: enabled, read cache: enabled, doesn't support DPO or FUA
[    0.430433] scsi 2:0:0:0: CD-ROM            VBOX     CD-ROM           1.0  PQ: 0 ANSI: 5
[    0.431109] e1000 0000:00:03.0 eth0: (PCI:33MHz:32-bit) 08:00:27:cf:b4:df
[    0.431333] e1000 0000:00:03.0 eth0: Intel(R) PRO/1000 Network Connection
[    0.431465] e1000e: Intel(R) PRO/1000 Network Driver - 3.2.6-k
[    0.431716] e1000e: Copyright(c) 1999 - 2015 Intel Corporation.
[    0.431979] sky2: driver version 1.30
[    0.432213]  sda: sda1 sda2 sda3
[    0.432525] sd 0:0:0:0: [sda] Attached SCSI disk
[    0.432820] ehci_hcd: USB 2.0 'Enhanced' Host Controller (EHCI) Driver
[    0.433065] ehci-pci: EHCI PCI platform driver
[    0.433234] ohci_hcd: USB 1.1 'Open' Host Controller (OHCI) Driver
[    0.433450] ohci-pci: OHCI PCI platform driver
[    0.433956] ohci-pci 0000:00:06.0: OHCI PCI host controller
[    0.434225] ohci-pci 0000:00:06.0: new USB bus registered, assigned bus number 1
[    0.434577] ohci-pci 0000:00:06.0: irq 22, io mem 0xf0804000
[    0.444498] sr 2:0:0:0: [sr0] scsi3-mmc drive: 32x/32x xa/form2 tray
[    0.444750] cdrom: Uniform CD-ROM driver Revision: 3.20
[    0.445040] sr 2:0:0:0: Attached scsi CD-ROM sr0
[    0.445142] sr 2:0:0:0: Attached scsi generic sg1 type 5
[    0.488223] usb usb1: New USB device found, idVendor=1d6b, idProduct=0001, bcdDevice= 4.17
[    0.489297] usb usb1: New USB device strings: Mfr=3, Product=2, SerialNumber=1
[    0.490256] usb usb1: Product: OHCI PCI host controller
[    0.490968] usb usb1: Manufacturer: Linux 4.17.0-rc1-next-20180420 ohci_hcd
[    0.492010] usb usb1: SerialNumber: 0000:00:06.0
[    0.492759] hub 1-0:1.0: USB hub found
[    0.492962] hub 1-0:1.0: 12 ports detected
[    0.493374] uhci_hcd: USB Universal Host Controller Interface driver
[    0.493650] usbcore: registered new interface driver usblp
[    0.493889] usbcore: registered new interface driver usb-storage
[    0.494155] i8042: PNP: PS/2 Controller [PNP0303:PS2K,PNP0f03:PS2M] at 0x60,0x64 irq 1,12
[    0.494819] serio: i8042 KBD port at 0x60,0x64 irq 1
[    0.495038] serio: i8042 AUX port at 0x60,0x64 irq 12
[    0.495438] input: AT Translated Set 2 keyboard as /devices/platform/i8042/serio0/input/input3
[    0.496670] rtc_cmos rtc_cmos: registered as rtc0
[    0.497077] rtc_cmos rtc_cmos: alarms up to one day, 114 bytes nvram
[    0.497320] device-mapper: ioctl: 4.39.0-ioctl (2018-04-03) initialised: dm-devel@redhat.com
[    0.497673] hidraw: raw HID events driver (C) Jiri Kosina
[    0.498078] usbcore: registered new interface driver usbhid
[    0.498273] usbhid: USB HID core driver
[    0.498574] Initializing XFRM netlink socket
[    0.498876] NET: Registered protocol family 10
[    0.499273] Segment Routing with IPv6
[    0.500217] sit: IPv6, IPv4 and MPLS over IPv4 tunneling driver
[    0.500543] NET: Registered protocol family 17
[    0.500760] Key type dns_resolver registered
[    0.501023] sched_clock: Marking stable (500141206, 0)->(596578487, -96437281)
[    0.501337] registered taskstats version 1
[    0.501539] Loading compiled-in X.509 certificates
[    0.501872]   Magic number: 14:948:643
[    0.502094] console [netcon0] enabled
[    0.502359] netconsole: network logging started
[    0.502727] cfg80211: Loading compiled-in X.509 certificates for regulatory database
[    0.503306] cfg80211: Loaded X.509 cert 'sforshee: 00b28ddf47aef9cea7'
[    0.503374] ALSA device list:
[    0.503554]   No soundcards found.
[    0.503782] platform regulatory.0: Direct firmware load for regulatory.db failed with error -2
[    0.504120] cfg80211: failed to load regulatory.db
[    0.706301] input: ImExPS/2 Generic Explorer Mouse as /devices/platform/i8042/serio1/input/input5
[    0.708430] md: Waiting for all devices to be available before autodetect
[    0.709850] md: If you don't use raid, use raid=noautodetect
[    0.713237] md: Autodetecting RAID arrays.
[    0.714407] md: autorun ...
[    0.715256] md: ... autorun DONE.
[    0.725390] EXT4-fs (sda1): mounted filesystem with ordered data mode. Opts: (null)
[    0.726879] VFS: Mounted root (ext4 filesystem) readonly on device 8:1.
[    0.732517] devtmpfs: mounted
[    0.734679] Freeing unused kernel memory: 1240K
[    0.735192] Write protecting the kernel read-only data: 18432k
[    0.736253] Freeing unused kernel memory: 2004K
[    0.738897] Freeing unused kernel memory: 1000K
[    0.782278] systemd[1]: RTC configured in localtime, applying delta of 120 minutes to system time.
[    0.788520] systemd[1]: systemd 237 running in system mode. (-PAM -AUDIT -SELINUX +IMA -APPARMOR +SMACK +SYSVINIT +UTMP -LIBCRYPTSETUP -GCRYPT -GNUTLS +ACL +XZ -LZ4 -SECCOMP +BLKID -ELFUTILS +KMOD -IDN2 -IDN -PCRE2 default-hierarchy=hybrid)
[    0.789165] systemd[1]: Detected virtualization oracle.
[    0.789360] systemd[1]: Detected architecture x86-64.
[    0.791845] systemd[1]: Set hostname to <ataguiro>.
[    0.828884] systemd-debug-g (1016) used greatest stack depth: 14112 bytes left
[    0.830730] systemd-system- (1022) used greatest stack depth: 13632 bytes left
[    0.847350] systemd[1]: File /lib/systemd/system/systemd-journald.service:35 configures an IP firewall (IPAddressDeny=any), but the local system does not support BPF/cgroup based firewalling.
[    0.847938] systemd[1]: Proceeding WITHOUT firewalling in effect! (This warning is only shown for the first loaded unit using IP firewalling.)
[    0.883223] systemd[1]: Started Forward Password Requests to Wall Directory Watch.
[    0.884296] systemd[1]: Created slice User and Session Slice.
[    0.886603] systemd[1]: Created slice System Slice.
[    0.887880] systemd[1]: Listening on Journal Socket.
[    0.902044] usb 1-1: new full-speed USB device number 2 using ohci-pci
[    0.992400] EXT4-fs (sda1): re-mounted. Opts: (null)
[    1.035841] systemd-journald[1030]: Received request to flush runtime journal from PID 1
[    1.126841] tsc: Refined TSC clocksource calibration: 2903.999 MHz
[    1.127057] clocksource: tsc: mask: 0xffffffffffffffff max_cycles: 0x29dc050a48e, max_idle_ns: 440795325698 ns
[    1.127406] clocksource: Switched to clocksource tsc
[    1.133153] usb 1-1: New USB device found, idVendor=80ee, idProduct=0021, bcdDevice= 1.00
[    1.133384] usb 1-1: New USB device strings: Mfr=1, Product=3, SerialNumber=0
[    1.133746] usb 1-1: Product: USB Tablet
[    1.133940] usb 1-1: Manufacturer: VirtualBox
[    1.144671] input: VirtualBox USB Tablet as /devices/pci0000:00/0000:00:06.0/usb1/1-1/1-1:1.0/0003:80EE:0021.0001/input/input6
[    1.145763] hid-generic 0003:80EE:0021.0001: input,hidraw0: USB HID v1.10 Mouse [VirtualBox USB Tablet] on usb-0000:00:06.0-1/input0
[    1.299406] e1000 0000:00:03.0 enp0s3: renamed from eth0
[    1.318649] IPv6: ADDRCONF(NETDEV_UP): enp0s3: link is not ready
[    1.342517] usb 1-2: new full-speed USB device number 3 using ohci-pci
[    1.385558] random: crng init done
[    1.399486] Adding 3668988k swap on /dev/sda3.  Priority:1 extents:1 across:3668988k 
[    1.421522] EXT4-fs (sda2): mounting ext2 file system using the ext4 subsystem
[    1.423227] EXT4-fs (sda2): mounted filesystem without journal. Opts: (null)
[    1.445441] systemd-tmpfile (1548) used greatest stack depth: 13568 bytes left
[    1.626399] usb 1-2: New USB device found, idVendor=0a5c, idProduct=5834, bcdDevice= 1.01
[    1.628318] usb 1-2: New USB device strings: Mfr=1, Product=2, SerialNumber=3
[    1.629298] usb 1-2: Product: 5880
[    1.630080] usb 1-2: Manufacturer: Broadcom Corp
[    1.630954] usb 1-2: SerialNumber: 0123456789ABCD
[    1.633281] usb 1-2: config 0 descriptor??
[    1.855917] usb 1-3: new full-speed USB device number 4 using ohci-pci
[    2.096224] usb 1-3: New USB device found, idVendor=1bcf, idProduct=2b96, bcdDevice=68.25
[    2.097551] usb 1-3: New USB device strings: Mfr=1, Product=2, SerialNumber=0
[    2.098959] usb 1-3: Product: Integrated_Webcam_HD
[    2.099915] usb 1-3: Manufacturer: CNFGH19N1951020023C2
[    2.198729] systemd-udevd (1515) used greatest stack depth: 13472 bytes left
[    3.360617] e1000: enp0s3 NIC Link is Up 1000 Mbps Full Duplex, Flow Control: RX
[    3.363612] IPv6: ADDRCONF(NETDEV_CHANGE): enp0s3: link becomes ready
