[    0.000000] Linux version 4.16.0-05456-g17dec0a94915 (root@ataguiro) (gcc version 7.3.0 (GCC)) #1 SMP Wed Apr 4 17:20:50 CEST 2018
[    0.000000] Command line: BOOT_IMAGE=/vmlinuz-4.16.0-little root=/dev/sda1 ro
[    0.000000] x86/fpu: Supporting XSAVE feature 0x001: 'x87 floating point registers'
[    0.000000] x86/fpu: Supporting XSAVE feature 0x002: 'SSE registers'
[    0.000000] x86/fpu: Supporting XSAVE feature 0x004: 'AVX registers'
[    0.000000] x86/fpu: xstate_offset[2]:  576, xstate_sizes[2]:  256
[    0.000000] x86/fpu: Enabled xstate features 0x7, context size is 832 bytes, using 'standard' format.
[    0.000000] e820: BIOS-provided physical RAM map:
[    0.000000] BIOS-e820: [mem 0x0000000000000000-0x000000000009fbff] usable
[    0.000000] BIOS-e820: [mem 0x000000000009fc00-0x000000000009ffff] reserved
[    0.000000] BIOS-e820: [mem 0x00000000000f0000-0x00000000000fffff] reserved
[    0.000000] BIOS-e820: [mem 0x0000000000100000-0x000000007ffeffff] usable
[    0.000000] BIOS-e820: [mem 0x000000007fff0000-0x000000007fffffff] ACPI data
[    0.000000] BIOS-e820: [mem 0x00000000fec00000-0x00000000fec00fff] reserved
[    0.000000] BIOS-e820: [mem 0x00000000fee00000-0x00000000fee00fff] reserved
[    0.000000] BIOS-e820: [mem 0x00000000fffc0000-0x00000000ffffffff] reserved
[    0.000000] NX (Execute Disable) protection: active
[    0.000000] random: fast init done
[    0.000000] SMBIOS 2.5 present.
[    0.000000] DMI: innotek GmbH VirtualBox/VirtualBox, BIOS VirtualBox 12/01/2006
[    0.000000] e820: update [mem 0x00000000-0x00000fff] usable ==> reserved
[    0.000000] e820: remove [mem 0x000a0000-0x000fffff] usable
[    0.000000] e820: last_pfn = 0x7fff0 max_arch_pfn = 0x400000000
[    0.000000] MTRR default type: uncachable
[    0.000000] MTRR variable ranges disabled:
[    0.000000] MTRR: Disabled
[    0.000000] x86/PAT: MTRRs disabled, skipping PAT initialization too.
[    0.000000] CPU MTRRs all blank - virtualized system.
[    0.000000] x86/PAT: Configuration [0-7]: WB  WT  UC- UC  WB  WT  UC- UC  
[    0.000000] found SMP MP-table at [mem 0x0009fff0-0x0009ffff] mapped at [        (ptrval)]
[    0.000000] Scanning 1 areas for low memory corruption
[    0.000000] Base memory trampoline at [        (ptrval)] 99000 size 24576
[    0.000000] BRK [0x05b17000, 0x05b17fff] PGTABLE
[    0.000000] BRK [0x05b18000, 0x05b18fff] PGTABLE
[    0.000000] BRK [0x05b19000, 0x05b19fff] PGTABLE
[    0.000000] BRK [0x05b1a000, 0x05b1afff] PGTABLE
[    0.000000] BRK [0x05b1b000, 0x05b1bfff] PGTABLE
[    0.000000] BRK [0x05b1c000, 0x05b1cfff] PGTABLE
[    0.000000] ACPI: Early table checksum verification disabled
[    0.000000] ACPI: RSDP 0x00000000000E0000 000024 (v02 VBOX  )
[    0.000000] ACPI: XSDT 0x000000007FFF0030 00003C (v01 VBOX   VBOXXSDT 00000001 ASL  00000061)
[    0.000000] ACPI: FACP 0x000000007FFF00F0 0000F4 (v04 VBOX   VBOXFACP 00000001 ASL  00000061)
[    0.000000] ACPI: DSDT 0x000000007FFF0470 0021FF (v02 VBOX   VBOXBIOS 00000002 INTL 20100528)
[    0.000000] ACPI: FACS 0x000000007FFF0200 000040
[    0.000000] ACPI: FACS 0x000000007FFF0200 000040
[    0.000000] ACPI: APIC 0x000000007FFF0240 000054 (v02 VBOX   VBOXAPIC 00000001 ASL  00000061)
[    0.000000] ACPI: SSDT 0x000000007FFF02A0 0001CC (v01 VBOX   VBOXCPUT 00000002 INTL 20100528)
[    0.000000] ACPI: Local APIC address 0xfee00000
[    0.000000] No NUMA configuration found
[    0.000000] Faking a node at [mem 0x0000000000000000-0x000000007ffeffff]
[    0.000000] NODE_DATA(0) allocated [mem 0x7ffec000-0x7ffeffff]
[    0.000000] tsc: Fast TSC calibration using PIT
[    0.000000] Zone ranges:
[    0.000000]   DMA      [mem 0x0000000000001000-0x0000000000ffffff]
[    0.000000]   DMA32    [mem 0x0000000001000000-0x000000007ffeffff]
[    0.000000]   Normal   empty
[    0.000000] Movable zone start for each node
[    0.000000] Early memory node ranges
[    0.000000]   node   0: [mem 0x0000000000001000-0x000000000009efff]
[    0.000000]   node   0: [mem 0x0000000000100000-0x000000007ffeffff]
[    0.000000] Initmem setup node 0 [mem 0x0000000000001000-0x000000007ffeffff]
[    0.000000] On node 0 totalpages: 524174
[    0.000000]   DMA zone: 64 pages used for memmap
[    0.000000]   DMA zone: 21 pages reserved
[    0.000000]   DMA zone: 3998 pages, LIFO batch:0
[    0.000000]   DMA32 zone: 8128 pages used for memmap
[    0.000000]   DMA32 zone: 520176 pages, LIFO batch:31
[    0.000000] Reserved but unavailable: 98 pages
[    0.000000] ACPI: PM-Timer IO Port: 0x4008
[    0.000000] ACPI: Local APIC address 0xfee00000
[    0.000000] IOAPIC[0]: apic_id 1, version 32, address 0xfec00000, GSI 0-23
[    0.000000] ACPI: INT_SRC_OVR (bus 0 bus_irq 0 global_irq 2 dfl dfl)
[    0.000000] ACPI: INT_SRC_OVR (bus 0 bus_irq 9 global_irq 9 low level)
[    0.000000] ACPI: IRQ0 used by override.
[    0.000000] ACPI: IRQ9 used by override.
[    0.000000] Using ACPI (MADT) for SMP configuration information
[    0.000000] smpboot: Allowing 1 CPUs, 0 hotplug CPUs
[    0.000000] PM: Registered nosave memory: [mem 0x00000000-0x00000fff]
[    0.000000] PM: Registered nosave memory: [mem 0x0009f000-0x0009ffff]
[    0.000000] PM: Registered nosave memory: [mem 0x000a0000-0x000effff]
[    0.000000] PM: Registered nosave memory: [mem 0x000f0000-0x000fffff]
[    0.000000] e820: [mem 0x80000000-0xfebfffff] available for PCI devices
[    0.000000] clocksource: refined-jiffies: mask: 0xffffffff max_cycles: 0xffffffff, max_idle_ns: 1910969940391419 ns
[    0.000000] setup_percpu: NR_CPUS:64 nr_cpumask_bits:64 nr_cpu_ids:1 nr_node_ids:1
[    0.000000] percpu: Embedded 43 pages/cpu @        (ptrval) s137560 r8192 d30376 u2097152
[    0.000000] pcpu-alloc: s137560 r8192 d30376 u2097152 alloc=1*2097152
[    0.000000] pcpu-alloc: [0] 0 
[    0.000000] Built 1 zonelists, mobility grouping on.  Total pages: 515961
[    0.000000] Policy zone: DMA32
[    0.000000] Kernel command line: BOOT_IMAGE=/vmlinuz-4.16.0-little root=/dev/sda1 ro
[    0.000000] Calgary: detecting Calgary via BIOS EBDA area
[    0.000000] Calgary: Unable to locate Rio Grande table in EBDA - bailing!
[    0.000000] Memory: 2037860K/2096696K available (12300K kernel code, 1280K rwdata, 3080K rodata, 1220K init, 612K bss, 58836K reserved, 0K cma-reserved)
[    0.000000] SLUB: HWalign=64, Order=0-3, MinObjects=0, CPUs=1, Nodes=1
[    0.000000] Kernel/User page tables isolation: enabled
[    0.000000] Hierarchical RCU implementation.
[    0.000000] 	RCU event tracing is enabled.
[    0.000000] 	RCU restricting CPUs from NR_CPUS=64 to nr_cpu_ids=1.
[    0.000000] RCU: Adjusting geometry for rcu_fanout_leaf=16, nr_cpu_ids=1
[    0.000000] NR_IRQS: 4352, nr_irqs: 256, preallocated irqs: 16
[    0.000000] Console: colour VGA+ 80x25
[    0.000000] console [tty0] enabled
[    0.000000] ACPI: Core revision 20180313
[    0.000000] APIC: Switch to symmetric I/O mode setup
[    0.000000] ..TIMER: vector=0x30 apic1=0 pin1=2 apic2=-1 pin2=-1
[    0.006000] tsc: Fast TSC calibration using PIT
[    0.007000] tsc: Detected 2893.352 MHz processor
[    0.008000] clocksource: tsc-early: mask: 0xffffffffffffffff max_cycles: 0x29b4bab84ce, max_idle_ns: 440795263685 ns
[    0.008000] Calibrating delay loop (skipped), value calculated using timer frequency.. 5786.70 BogoMIPS (lpj=2893352)
[    0.009002] pid_max: default: 32768 minimum: 301
[    0.010018] Security Framework initialized
[    0.010377] SELinux:  Initializing.
[    0.011010] SELinux:  Starting in permissive mode
[    0.012311] Dentry cache hash table entries: 262144 (order: 9, 2097152 bytes)
[    0.013108] Inode-cache hash table entries: 131072 (order: 8, 1048576 bytes)
[    0.013560] Mount-cache hash table entries: 4096 (order: 3, 32768 bytes)
[    0.014005] Mountpoint-cache hash table entries: 4096 (order: 3, 32768 bytes)
[    0.014611] CPU: Physical Processor ID: 0
[    0.015020] mce: CPU supports 0 MCE banks
[    0.015405] process: using mwait in idle threads
[    0.015778] Last level iTLB entries: 4KB 512, 2MB 8, 4MB 8
[    0.016000] Last level dTLB entries: 4KB 512, 2MB 32, 4MB 32, 1GB 0
[    0.016441] Spectre V2 : Mitigation: Full generic retpoline
[    0.030810] Freeing SMP alternatives memory: 36K
[    0.032000] smpboot: CPU0: Intel(R) Core(TM) i5-3470S CPU @ 2.90GHz (family: 0x6, model: 0x3a, stepping: 0x9)
[    0.032000] Performance Events: unsupported p6 CPU model 58 no PMU driver, software events only.
[    0.032000] Hierarchical SRCU implementation.
[    0.034063] smp: Bringing up secondary CPUs ...
[    0.034420] smp: Brought up 1 node, 1 CPU
[    0.034725] smpboot: Max logical packages: 1
[    0.035002] smpboot: Total of 1 processors activated (5786.70 BogoMIPS)
[    0.035510] devtmpfs: initialized
[    0.035947] clocksource: jiffies: mask: 0xffffffff max_cycles: 0xffffffff, max_idle_ns: 1911260446275000 ns
[    0.036009] futex hash table entries: 256 (order: 2, 16384 bytes)
[    0.036412] RTC time: 17:52:16, date: 04/04/18
[    0.037006] NET: Registered protocol family 16
[    0.037378] audit: initializing netlink subsys (disabled)
[    0.037785] kworker/u2:0 (17) used greatest stack depth: 14728 bytes left
[    0.038064] cpuidle: using governor menu
[    0.038400] ACPI: bus type PCI registered
[    0.039009] audit: type=2000 audit(1522864336.038:1): state=initialized audit_enabled=0 res=1
[    0.039610] kworker/u2:1 (22) used greatest stack depth: 14328 bytes left
[    0.040132] PCI: Using configuration type 1 for base access
[    0.053880] HugeTLB registered 2.00 MiB page size, pre-allocated 0 pages
[    0.054160] ACPI: Added _OSI(Module Device)
[    0.054502] ACPI: Added _OSI(Processor Device)
[    0.055017] ACPI: Added _OSI(3.0 _SCP Extensions)
[    0.055335] ACPI: Added _OSI(Processor Aggregator Device)
[    0.055665] ACPI: Added _OSI(Linux-Dell-Video)
[    0.057000] ACPI: 2 ACPI AML tables successfully acquired and loaded
[    0.058489] ACPI: Interpreter enabled
[    0.059017] ACPI: (supports S0 S5)
[    0.059314] ACPI: Using IOAPIC for interrupt routing
[    0.059785] PCI: Using host bridge windows from ACPI; if necessary, use "pci=nocrs" and report a bug
[    0.060099] ACPI: Enabled 2 GPEs in block 00 to 07
[    0.064605] ACPI: PCI Root Bridge [PCI0] (domain 0000 [bus 00-ff])
[    0.065010] acpi PNP0A03:00: _OSC: OS supports [ASPM ClockPM Segments MSI]
[    0.065424] acpi PNP0A03:00: _OSC: not requesting OS control; OS requires [ExtendedConfig ASPM ClockPM MSI]
[    0.066118] acpi PNP0A03:00: fail to add MMCONFIG information, can't access extended PCI configuration space under this bridge.
[    0.066806] PCI host bridge to bus 0000:00
[    0.067007] pci_bus 0000:00: root bus resource [io  0x0000-0x0cf7 window]
[    0.067375] pci_bus 0000:00: root bus resource [io  0x0d00-0xffff window]
[    0.067737] pci_bus 0000:00: root bus resource [mem 0x000a0000-0x000bffff window]
[    0.068027] pci_bus 0000:00: root bus resource [mem 0x80000000-0xfdffffff window]
[    0.068466] pci_bus 0000:00: root bus resource [bus 00-ff]
[    0.069063] pci 0000:00:00.0: [8086:1237] type 00 class 0x060000
[    0.069673] pci 0000:00:01.0: [8086:7000] type 00 class 0x060100
[    0.070516] pci 0000:00:01.1: [8086:7111] type 00 class 0x01018a
[    0.071004] pci 0000:00:01.1: reg 0x20: [io  0xd000-0xd00f]
[    0.071206] pci 0000:00:01.1: legacy IDE quirk: reg 0x10: [io  0x01f0-0x01f7]
[    0.071589] pci 0000:00:01.1: legacy IDE quirk: reg 0x14: [io  0x03f6]
[    0.071953] pci 0000:00:01.1: legacy IDE quirk: reg 0x18: [io  0x0170-0x0177]
[    0.072003] pci 0000:00:01.1: legacy IDE quirk: reg 0x1c: [io  0x0376]
[    0.072639] pci 0000:00:02.0: [80ee:beef] type 00 class 0x030000
[    0.074233] pci 0000:00:02.0: reg 0x10: [mem 0xe0000000-0xe0ffffff pref]
[    0.081031] pci 0000:00:03.0: [8086:100e] type 00 class 0x020000
[    0.082168] pci 0000:00:03.0: reg 0x10: [mem 0xf0000000-0xf001ffff]
[    0.084106] pci 0000:00:03.0: reg 0x18: [io  0xd010-0xd017]
[    0.088825] pci 0000:00:04.0: [80ee:cafe] type 00 class 0x088000
[    0.089139] pci 0000:00:04.0: reg 0x10: [io  0xd020-0xd03f]
[    0.090103] pci 0000:00:04.0: reg 0x14: [mem 0xf0400000-0xf07fffff]
[    0.091029] pci 0000:00:04.0: reg 0x18: [mem 0xf0800000-0xf0803fff pref]
[    0.093613] pci 0000:00:05.0: [8086:2415] type 00 class 0x040100
[    0.093771] pci 0000:00:05.0: reg 0x10: [io  0xd100-0xd1ff]
[    0.093853] pci 0000:00:05.0: reg 0x14: [io  0xd200-0xd23f]
[    0.094631] pci 0000:00:06.0: [106b:003f] type 00 class 0x0c0310
[    0.095174] pci 0000:00:06.0: reg 0x10: [mem 0xf0804000-0xf0804fff]
[    0.100271] pci 0000:00:07.0: [8086:7113] type 00 class 0x068000
[    0.100842] pci 0000:00:07.0: quirk: [io  0x4000-0x403f] claimed by PIIX4 ACPI
[    0.101000] pci 0000:00:07.0: quirk: [io  0x4100-0x410f] claimed by PIIX4 SMB
[    0.101530] pci 0000:00:0d.0: [8086:2829] type 00 class 0x010601
[    0.102197] pci 0000:00:0d.0: reg 0x10: [io  0xd240-0xd247]
[    0.103176] pci 0000:00:0d.0: reg 0x14: [io  0xd248-0xd24b]
[    0.104137] pci 0000:00:0d.0: reg 0x18: [io  0xd250-0xd257]
[    0.104908] pci 0000:00:0d.0: reg 0x1c: [io  0xd258-0xd25b]
[    0.105143] pci 0000:00:0d.0: reg 0x20: [io  0xd260-0xd26f]
[    0.106426] pci 0000:00:0d.0: reg 0x24: [mem 0xf0806000-0xf0807fff]
[    0.109420] ACPI: PCI Interrupt Link [LNKA] (IRQs 5 9 10 *11)
[    0.109967] ACPI: PCI Interrupt Link [LNKB] (IRQs 5 9 *10 11)
[    0.110111] ACPI: PCI Interrupt Link [LNKC] (IRQs 5 *9 10 11)
[    0.110571] ACPI: PCI Interrupt Link [LNKD] (IRQs 5 9 10 *11)
[    0.111310] pci 0000:00:02.0: vgaarb: setting as boot VGA device
[    0.111691] pci 0000:00:02.0: vgaarb: VGA device added: decodes=io+mem,owns=io+mem,locks=none
[    0.112006] pci 0000:00:02.0: vgaarb: bridge control possible
[    0.112378] vgaarb: loaded
[    0.113159] SCSI subsystem initialized
[    0.113564] libata version 3.00 loaded.
[    0.113640] ACPI: bus type USB registered
[    0.114052] usbcore: registered new interface driver usbfs
[    0.114423] usbcore: registered new interface driver hub
[    0.115026] usbcore: registered new device driver usb
[    0.115457] pps_core: LinuxPPS API ver. 1 registered
[    0.115813] pps_core: Software ver. 5.3.6 - Copyright 2005-2007 Rodolfo Giometti <giometti@linux.it>
[    0.116274] PTP clock support registered
[    0.117276] EDAC MC: Ver: 3.0.0
[    0.118514] Advanced Linux Sound Architecture Driver Initialized.
[    0.119041] PCI: Using ACPI for IRQ routing
[    0.119357] PCI: pci_cache_line_size set to 64 bytes
[    0.119558] e820: reserve RAM buffer [mem 0x0009fc00-0x0009ffff]
[    0.119562] e820: reserve RAM buffer [mem 0x7fff0000-0x7fffffff]
[    0.119688] NetLabel: Initializing
[    0.120007] NetLabel:  domain hash size = 128
[    0.120324] NetLabel:  protocols = UNLABELED CIPSOv4 CALIPSO
[    0.120708] NetLabel:  unlabeled traffic allowed by default
[    0.121222] clocksource: Switched to clocksource tsc-early
[    0.131159] VFS: Disk quotas dquot_6.6.0
[    0.131163] VFS: Dquot-cache hash table entries: 512 (order 0, 4096 bytes)
[    0.131578] pnp: PnP ACPI init
[    0.131948] pnp 00:00: Plug and Play ACPI device, IDs PNP0303 (active)
[    0.132017] pnp 00:01: Plug and Play ACPI device, IDs PNP0f03 (active)
[    0.132716] pnp: PnP ACPI: found 2 devices
[    0.139504] clocksource: acpi_pm: mask: 0xffffff max_cycles: 0xffffff, max_idle_ns: 2085701024 ns
[    0.140885] pci_bus 0000:00: resource 4 [io  0x0000-0x0cf7 window]
[    0.140886] pci_bus 0000:00: resource 5 [io  0x0d00-0xffff window]
[    0.140888] pci_bus 0000:00: resource 6 [mem 0x000a0000-0x000bffff window]
[    0.140889] pci_bus 0000:00: resource 7 [mem 0x80000000-0xfdffffff window]
[    0.140926] NET: Registered protocol family 2
[    0.141408] tcp_listen_portaddr_hash hash table entries: 1024 (order: 2, 16384 bytes)
[    0.141886] TCP established hash table entries: 16384 (order: 5, 131072 bytes)
[    0.142386] TCP bind hash table entries: 16384 (order: 6, 262144 bytes)
[    0.142833] TCP: Hash tables configured (established 16384 bind 16384)
[    0.143393] UDP hash table entries: 1024 (order: 3, 32768 bytes)
[    0.143776] UDP-Lite hash table entries: 1024 (order: 3, 32768 bytes)
[    0.144196] NET: Registered protocol family 1
[    0.144609] RPC: Registered named UNIX socket transport module.
[    0.145490] RPC: Registered udp transport module.
[    0.145856] RPC: Registered tcp transport module.
[    0.146199] RPC: Registered tcp NFSv4.1 backchannel transport module.
[    0.146702] pci 0000:00:00.0: Limiting direct PCI/PCI transfers
[    0.147128] pci 0000:00:01.0: Activating ISA DMA hang workarounds
[    0.147564] pci 0000:00:02.0: Video device with shadowed ROM at [mem 0x000c0000-0x000dffff]
[    0.148816] PCI: CLS 0 bytes, default 64
[    0.148903] RAPL PMU: API unit is 2^-32 Joules, 3 fixed counters, 10737418240 ms ovfl timer
[    0.149367] RAPL PMU: hw unit of domain pp0-core 2^-0 Joules
[    0.149703] RAPL PMU: hw unit of domain package 2^-0 Joules
[    0.150073] RAPL PMU: hw unit of domain pp1-gpu 2^-0 Joules
[    0.150458] platform rtc_cmos: registered platform RTC device (no PNP device found)
[    0.150967] Scanning for low memory corruption every 60 seconds
[    0.151789] Initialise system trusted keyrings
[    0.152313] workingset: timestamp_bits=56 max_order=19 bucket_order=0
[    0.156783] NFS: Registering the id_resolver key type
[    0.157288] Key type id_resolver registered
[    0.157628] Key type id_legacy registered
[    0.158067] SELinux:  Registering netfilter hooks
[    0.158676] Key type asymmetric registered
[    0.159032] Asymmetric key parser 'x509' registered
[    0.159410] Block layer SCSI generic (bsg) driver version 0.4 loaded (major 250)
[    0.159822] io scheduler noop registered
[    0.160147] io scheduler deadline registered
[    0.160506] io scheduler cfq registered (default)
[    0.160820] io scheduler mq-deadline registered
[    0.161160] io scheduler kyber registered
[    0.161874] ACPI: AC Adapter [AC] (on-line)
[    0.162253] input: Power Button as /devices/LNXSYSTM:00/LNXPWRBN:00/input/input0
[    0.162702] ACPI: Power Button [PWRF]
[    0.163151] input: Sleep Button as /devices/LNXSYSTM:00/LNXSLPBN:00/input/input1
[    0.163638] ACPI: Sleep Button [SLPF]
[    0.164042] ACPI: Video Device [GFX0] (multi-head: yes  rom: no  post: no)
[    0.164475] input: Video Bus as /devices/LNXSYSTM:00/LNXSYBUS:00/PNP0A03:00/LNXVIDEO:00/input/input2
[    0.165820] Serial: 8250/16550 driver, 4 ports, IRQ sharing enabled
[    0.166405] Non-volatile memory driver v1.3
[    0.166784] Linux agpgart interface v0.103
[    0.168314] loop: module loaded
[    0.168752] ahci 0000:00:0d.0: version 3.0
[    0.169227] ahci 0000:00:0d.0: SSS flag set, parallel bus scan disabled
[    0.169780] ahci 0000:00:0d.0: AHCI 0001.0100 32 slots 6 ports 3 Gbps 0x3f impl SATA mode
[    0.170210] ahci 0000:00:0d.0: flags: 64bit ncq stag only ccc 
[    0.174156] scsi host0: ahci
[    0.174569] scsi host1: ahci
[    0.174907] scsi host2: ahci
[    0.175404] scsi host3: ahci
[    0.175827] scsi host4: ahci
[    0.176301] scsi host5: ahci
[    0.176644] ata1: SATA max UDMA/133 abar m8192@0xf0806000 port 0xf0806100 irq 21
[    0.177210] ata2: SATA max UDMA/133 abar m8192@0xf0806000 port 0xf0806180 irq 21
[    0.177689] ata3: SATA max UDMA/133 abar m8192@0xf0806000 port 0xf0806200 irq 21
[    0.178267] ata4: SATA max UDMA/133 abar m8192@0xf0806000 port 0xf0806280 irq 21
[    0.178786] ata5: SATA max UDMA/133 abar m8192@0xf0806000 port 0xf0806300 irq 21
[    0.179262] ata6: SATA max UDMA/133 abar m8192@0xf0806000 port 0xf0806380 irq 21
[    0.179895] ata_piix 0000:00:01.1: version 2.13
[    0.180253] scsi host6: ata_piix
[    0.180694] scsi host7: ata_piix
[    0.181037] ata7: PATA max UDMA/33 cmd 0x1f0 ctl 0x3f6 bmdma 0xd000 irq 14
[    0.181439] ata8: PATA max UDMA/33 cmd 0x170 ctl 0x376 bmdma 0xd008 irq 15
[    0.181866] e100: Intel(R) PRO/100 Network Driver, 3.5.24-k2-NAPI
[    0.182225] e100: Copyright(c) 1999-2006 Intel Corporation
[    0.182563] e1000: Intel(R) PRO/1000 Network Driver - version 7.3.21-k8-NAPI
[    0.183009] e1000: Copyright (c) 1999-2006 Intel Corporation.
[    0.336236] ata7.00: ATAPI: VBOX CD-ROM, 1.0, max UDMA/133
[    0.336808] ata7.00: configured for UDMA/33
[    0.346429] ata8.00: ATAPI: VBOX CD-ROM, 1.0, max UDMA/133
[    0.347124] ata8.00: configured for UDMA/33
[    0.488820] ata1: SATA link up 3.0 Gbps (SStatus 123 SControl 300)
[    0.489338] ata1.00: ATA-6: VBOX HARDDISK, 1.0, max UDMA/133
[    0.489677] ata1.00: 41943040 sectors, multi 128: LBA48 NCQ (depth 31/32)
[    0.495703] ata1.00: configured for UDMA/133
[    0.496172] scsi 0:0:0:0: Direct-Access     ATA      VBOX HARDDISK    1.0  PQ: 0 ANSI: 5
[    0.496872] sd 0:0:0:0: [sda] 41943040 512-byte logical blocks: (21.5 GB/20.0 GiB)
[    0.497475] sd 0:0:0:0: [sda] Write Protect is off
[    0.497829] sd 0:0:0:0: [sda] Mode Sense: 00 3a 00 00
[    0.497848] sd 0:0:0:0: Attached scsi generic sg0 type 0
[    0.498253] sd 0:0:0:0: [sda] Write cache: enabled, read cache: enabled, doesn't support DPO or FUA
[    0.509379]  sda: sda1 sda2 sda3
[    0.509953] sd 0:0:0:0: [sda] Attached SCSI disk
[    0.556339] e1000 0000:00:03.0 eth0: (PCI:33MHz:32-bit) 08:00:27:f8:c0:1c
[    0.556755] e1000 0000:00:03.0 eth0: Intel(R) PRO/1000 Network Connection
[    0.557054] e1000e: Intel(R) PRO/1000 Network Driver - 3.2.6-k
[    0.557331] e1000e: Copyright(c) 1999 - 2015 Intel Corporation.
[    0.557778] sky2: driver version 1.30
[    0.558238] ehci_hcd: USB 2.0 'Enhanced' Host Controller (EHCI) Driver
[    0.558614] ehci-pci: EHCI PCI platform driver
[    0.559900] ohci_hcd: USB 1.1 'Open' Host Controller (OHCI) Driver
[    0.560302] ohci-pci: OHCI PCI platform driver
[    0.561084] ohci-pci 0000:00:06.0: OHCI PCI host controller
[    0.561488] ohci-pci 0000:00:06.0: new USB bus registered, assigned bus number 1
[    0.561992] ohci-pci 0000:00:06.0: irq 22, io mem 0xf0804000
[    0.614249] usb usb1: New USB device found, idVendor=1d6b, idProduct=0001
[    0.614659] usb usb1: New USB device strings: Mfr=3, Product=2, SerialNumber=1
[    0.615396] usb usb1: Product: OHCI PCI host controller
[    0.615776] usb usb1: Manufacturer: Linux 4.16.0-05456-g17dec0a94915 ohci_hcd
[    0.616194] usb usb1: SerialNumber: 0000:00:06.0
[    0.616698] hub 1-0:1.0: USB hub found
[    0.617146] hub 1-0:1.0: 12 ports detected
[    0.618010] uhci_hcd: USB Universal Host Controller Interface driver
[    0.618543] usbcore: registered new interface driver usblp
[    0.618833] usbcore: registered new interface driver usb-storage
[    0.619266] i8042: PNP: PS/2 Controller [PNP0303:PS2K,PNP0f03:PS2M] at 0x60,0x64 irq 1,12
[    0.620212] serio: i8042 KBD port at 0x60,0x64 irq 1
[    0.620571] serio: i8042 AUX port at 0x60,0x64 irq 12
[    0.622122] input: AT Translated Set 2 keyboard as /devices/platform/i8042/serio0/input/input3
[    0.623513] rtc_cmos rtc_cmos: rtc core: registered rtc_cmos as rtc0
[    0.623837] rtc_cmos rtc_cmos: alarms up to one day, 114 bytes nvram
[    0.624344] device-mapper: ioctl: 4.37.0-ioctl (2017-09-20) initialised: dm-devel@redhat.com
[    0.624793] hidraw: raw HID events driver (C) Jiri Kosina
[    0.625661] usbcore: registered new interface driver usbhid
[    0.626028] usbhid: USB HID core driver
[    0.626625] Initializing XFRM netlink socket
[    0.627113] NET: Registered protocol family 10
[    0.627871] Segment Routing with IPv6
[    0.628034] sit: IPv6, IPv4 and MPLS over IPv4 tunneling driver
[    0.628499] NET: Registered protocol family 17
[    0.628804] Key type dns_resolver registered
[    0.629189] sched_clock: Marking stable (628755005, 0)->(729013478, -100258473)
[    0.629756] registered taskstats version 1
[    0.630684] Loading compiled-in X.509 certificates
[    0.631429]   Magic number: 14:429:895
[    0.631770] console [netcon0] enabled
[    0.632064] netconsole: network logging started
[    0.632402] cfg80211: Loading compiled-in X.509 certificates for regulatory database
[    0.632994] cfg80211: Loaded X.509 cert 'sforshee: 00b28ddf47aef9cea7'
[    0.633404] ALSA device list:
[    0.633704]   No soundcards found.
[    0.634046] platform regulatory.0: Direct firmware load for regulatory.db failed with error -2
[    0.634528] cfg80211: failed to load regulatory.db
[    0.816408] ata2: SATA link up 3.0 Gbps (SStatus 123 SControl 300)
[    0.816943] ata2.00: ATA-6: VBOX HARDDISK, 1.0, max UDMA/133
[    0.817308] ata2.00: 20971520 sectors, multi 128: LBA48 NCQ (depth 31/32)
[    0.817915] ata2.00: configured for UDMA/133
[    0.818171] scsi 1:0:0:0: Direct-Access     ATA      VBOX HARDDISK    1.0  PQ: 0 ANSI: 5
[    0.819399] sd 1:0:0:0: [sdb] 20971520 512-byte logical blocks: (10.7 GB/10.0 GiB)
[    0.820329] sd 1:0:0:0: [sdb] Write Protect is off
[    0.820701] sd 1:0:0:0: [sdb] Mode Sense: 00 3a 00 00
[    0.820806] sd 1:0:0:0: Attached scsi generic sg1 type 0
[    0.821270] sd 1:0:0:0: [sdb] Write cache: enabled, read cache: enabled, doesn't support DPO or FUA
[    0.825162]  sdb: sdb1 sdb2 < sdb5 >
[    0.825821] sd 1:0:0:0: [sdb] Attached SCSI disk
[    0.831312] input: ImExPS/2 Generic Explorer Mouse as /devices/platform/i8042/serio1/input/input5
[    1.007906] usb 1-1: new full-speed USB device number 2 using ohci-pci
[    1.136584] ata3: SATA link down (SStatus 0 SControl 300)
[    1.184053] tsc: Refined TSC clocksource calibration: 2893.404 MHz
[    1.184486] clocksource: tsc: mask: 0xffffffffffffffff max_cycles: 0x29b4ec67cee, max_idle_ns: 440795332942 ns
[    1.185062] clocksource: Switched to clocksource tsc
[    1.261181] usb 1-1: New USB device found, idVendor=80ee, idProduct=0021
[    1.261592] usb 1-1: New USB device strings: Mfr=1, Product=3, SerialNumber=0
[    1.261995] usb 1-1: Product: USB Tablet
[    1.262363] usb 1-1: Manufacturer: VirtualBox
[    1.273687] input: VirtualBox USB Tablet as /devices/pci0000:00/0000:00:06.0/usb1/1-1/1-1:1.0/0003:80EE:0021.0001/input/input6
[    1.275071] hid-generic 0003:80EE:0021.0001: input,hidraw0: USB HID v1.10 Mouse [VirtualBox USB Tablet] on usb-0000:00:06.0-1/input0
[    1.448086] ata4: SATA link down (SStatus 0 SControl 300)
[    1.762018] ata5: SATA link down (SStatus 0 SControl 300)
[    2.071388] ata6: SATA link down (SStatus 0 SControl 300)
[    2.072021] scsi 6:0:0:0: CD-ROM            VBOX     CD-ROM           1.0  PQ: 0 ANSI: 5
[    2.086542] sr 6:0:0:0: [sr0] scsi3-mmc drive: 32x/32x xa/form2 tray
[    2.086952] cdrom: Uniform CD-ROM driver Revision: 3.20
[    2.087443] sr 6:0:0:0: Attached scsi CD-ROM sr0
[    2.087642] sr 6:0:0:0: Attached scsi generic sg2 type 5
[    2.088345] scsi 7:0:0:0: CD-ROM            VBOX     CD-ROM           1.0  PQ: 0 ANSI: 5
[    2.103537] sr 7:0:0:0: [sr1] scsi3-mmc drive: 32x/32x xa/form2 tray
[    2.104029] sr 7:0:0:0: Attached scsi CD-ROM sr1
[    2.104166] sr 7:0:0:0: Attached scsi generic sg3 type 5
[    2.104635] md: Waiting for all devices to be available before autodetect
[    2.105248] md: If you don't use raid, use raid=noautodetect
[    2.105759] md: Autodetecting RAID arrays.
[    2.106117] md: autorun ...
[    2.106421] md: ... autorun DONE.
[    2.108942] EXT4-fs (sda1): couldn't mount as ext3 due to feature incompatibilities
[    2.111197] EXT4-fs (sda1): couldn't mount as ext2 due to feature incompatibilities
[    2.142505] EXT4-fs (sda1): mounted filesystem with ordered data mode. Opts: (null)
[    2.143210] VFS: Mounted root (ext4 filesystem) readonly on device 8:1.
[    2.162713] devtmpfs: mounted
[    2.163900] Freeing unused kernel memory: 1220K
[    2.164175] Write protecting the kernel read-only data: 18432k
[    2.164867] Freeing unused kernel memory: 2004K
[    2.166721] Freeing unused kernel memory: 1016K
[    2.480855] systemd[1]: RTC configured in localtime, applying delta of 120 minutes to system time.
[    2.506728] systemd[1]: systemd 237 running in system mode. (-PAM -AUDIT -SELINUX +IMA -APPARMOR +SMACK +SYSVINIT +UTMP -LIBCRYPTSETUP -GCRYPT -GNUTLS +ACL +XZ -LZ4 -SECCOMP +BLKID -ELFUTILS +KMOD -IDN2 -IDN -PCRE2 default-hierarchy=hybrid)
[    2.507634] systemd[1]: Detected virtualization oracle.
[    2.507634] systemd[1]: Detected architecture x86-64.
[    2.531407] systemd[1]: Set hostname to <ataguiro>.
[    2.588894] systemd-rc-loca (1082) used greatest stack depth: 14272 bytes left
[    2.601377] systemd-getty-g (1079) used greatest stack depth: 14056 bytes left
[    2.658039] systemd[1]: File /lib/systemd/system/systemd-journald.service:35 configures an IP firewall (IPAddressDeny=any), but the local system does not support BPF/cgroup based firewalling.
[    2.658890] systemd[1]: Proceeding WITHOUT firewalling in effect! (This warning is only shown for the first loaded unit using IP firewalling.)
[    2.819886] systemd[1]: Created slice System Slice.
[    2.822090] systemd[1]: Listening on udev Kernel Socket.
[    2.823913] systemd[1]: Listening on Journal Socket.
[    2.826120] systemd[1]: Mounting POSIX Message Queue File System...
[    2.866082] mount (1085) used greatest stack depth: 13696 bytes left
[    3.066798] EXT4-fs (sda1): re-mounted. Opts: (null)
[    3.109571] systemd-tmpfile (1310) used greatest stack depth: 13648 bytes left
[    3.133976] systemd-journald[1090]: Received request to flush runtime journal from PID 1
[    3.425297] journal-offline (1617) used greatest stack depth: 12792 bytes left
[    3.486480] random: crng init done
[    3.657034] e1000 0000:00:03.0 enp0s3: renamed from eth0
[    3.700918] e1000: enp0s3 NIC Link is Up 1000 Mbps Full Duplex, Flow Control: RX
[    3.702243] IPv6: ADDRCONF(NETDEV_UP): enp0s3: link is not ready
[    3.704216] IPv6: ADDRCONF(NETDEV_CHANGE): enp0s3: link becomes ready
[    3.900354] Adding 3668988k swap on /dev/sda3.  Priority:1 extents:1 across:3668988k 
[    3.951091] EXT4-fs (sda2): mounting ext2 file system using the ext4 subsystem
[    3.972033] EXT4-fs (sda2): mounted filesystem without journal. Opts: (null)
[   33.059138] hrtimer: interrupt took 4464040 ns
